// Jest Snapshot v1, https://goo.gl/fbAQLP

exports[`default setup 1`] = `
Object {
  "Resources": Object {
    "PipelineArtifactsBucket22248F97": Object {
      "DeletionPolicy": "Retain",
      "Properties": Object {
        "BucketEncryption": Object {
          "ServerSideEncryptionConfiguration": Array [
            Object {
              "ServerSideEncryptionByDefault": Object {
                "KMSMasterKeyID": Object {
                  "Fn::GetAtt": Array [
                    "PipelineArtifactsBucketEncryptionKey01D58D69",
                    "Arn",
                  ],
                },
                "SSEAlgorithm": "aws:kms",
              },
            },
          ],
        },
        "PublicAccessBlockConfiguration": Object {
          "BlockPublicAcls": true,
          "BlockPublicPolicy": true,
          "IgnorePublicAcls": true,
          "RestrictPublicBuckets": true,
        },
      },
      "Type": "AWS::S3::Bucket",
      "UpdateReplacePolicy": "Retain",
    },
    "PipelineArtifactsBucketEncryptionKey01D58D69": Object {
      "DeletionPolicy": "Delete",
      "Properties": Object {
        "KeyPolicy": Object {
          "Statement": Array [
            Object {
              "Action": "kms:*",
              "Effect": "Allow",
              "Principal": Object {
                "AWS": Object {
                  "Fn::Join": Array [
                    "",
                    Array [
                      "arn:",
                      Object {
                        "Ref": "AWS::Partition",
                      },
                      ":iam::",
                      Object {
                        "Ref": "AWS::AccountId",
                      },
                      ":root",
                    ],
                  ],
                },
              },
              "Resource": "*",
            },
          ],
          "Version": "2012-10-17",
        },
      },
      "Type": "AWS::KMS::Key",
      "UpdateReplacePolicy": "Delete",
    },
    "PipelineArtifactsBucketEncryptionKeyAlias5C510EEE": Object {
      "DeletionPolicy": "Delete",
      "Properties": Object {
        "AliasName": "alias/codepipeline-pipeline",
        "TargetKeyId": Object {
          "Fn::GetAtt": Array [
            "PipelineArtifactsBucketEncryptionKey01D58D69",
            "Arn",
          ],
        },
      },
      "Type": "AWS::KMS::Alias",
      "UpdateReplacePolicy": "Delete",
    },
    "PipelineArtifactsBucketPolicyD4F9712A": Object {
      "Properties": Object {
        "Bucket": Object {
          "Ref": "PipelineArtifactsBucket22248F97",
        },
        "PolicyDocument": Object {
          "Statement": Array [
            Object {
              "Action": "s3:*",
              "Condition": Object {
                "Bool": Object {
                  "aws:SecureTransport": "false",
                },
              },
              "Effect": "Deny",
              "Principal": Object {
                "AWS": "*",
              },
              "Resource": Array [
                Object {
                  "Fn::GetAtt": Array [
                    "PipelineArtifactsBucket22248F97",
                    "Arn",
                  ],
                },
                Object {
                  "Fn::Join": Array [
                    "",
                    Array [
                      Object {
                        "Fn::GetAtt": Array [
                          "PipelineArtifactsBucket22248F97",
                          "Arn",
                        ],
                      },
                      "/*",
                    ],
                  ],
                },
              ],
            },
          ],
          "Version": "2012-10-17",
        },
      },
      "Type": "AWS::S3::BucketPolicy",
    },
    "PipelineAuditVulnScanCodePipelineActionRole17B61EDD": Object {
      "Properties": Object {
        "AssumeRolePolicyDocument": Object {
          "Statement": Array [
            Object {
              "Action": "sts:AssumeRole",
              "Effect": "Allow",
              "Principal": Object {
                "AWS": Object {
                  "Fn::Join": Array [
                    "",
                    Array [
                      "arn:",
                      Object {
                        "Ref": "AWS::Partition",
                      },
                      ":iam::",
                      Object {
                        "Ref": "AWS::AccountId",
                      },
                      ":root",
                    ],
                  ],
                },
              },
            },
          ],
          "Version": "2012-10-17",
        },
      },
      "Type": "AWS::IAM::Role",
    },
    "PipelineAuditVulnScanCodePipelineActionRoleDefaultPolicyEA481A55": Object {
      "Properties": Object {
        "PolicyDocument": Object {
          "Statement": Array [
            Object {
              "Action": Array [
                "codebuild:BatchGetBuilds",
                "codebuild:StartBuild",
                "codebuild:StopBuild",
              ],
              "Effect": "Allow",
              "Resource": Object {
                "Fn::GetAtt": Array [
                  "PipelineAuditVulnScanVulnScanProject39EAD168",
                  "Arn",
                ],
              },
            },
          ],
          "Version": "2012-10-17",
        },
        "PolicyName": "PipelineAuditVulnScanCodePipelineActionRoleDefaultPolicyEA481A55",
        "Roles": Array [
          Object {
            "Ref": "PipelineAuditVulnScanCodePipelineActionRole17B61EDD",
          },
        ],
      },
      "Type": "AWS::IAM::Policy",
    },
    "PipelineAuditVulnScanVulnScanProject39EAD168": Object {
      "Properties": Object {
        "Artifacts": Object {
          "Type": "CODEPIPELINE",
        },
        "Cache": Object {
          "Modes": Array [
            "LOCAL_DOCKER_LAYER_CACHE",
          ],
          "Type": "LOCAL",
        },
        "EncryptionKey": "alias/aws/s3",
        "Environment": Object {
          "ComputeType": "BUILD_GENERAL1_SMALL",
          "Image": "aws/codebuild/standard:4.0",
          "ImagePullCredentialsType": "CODEBUILD",
          "PrivilegedMode": true,
          "Type": "LINUX_CONTAINER",
        },
        "ServiceRole": Object {
          "Fn::GetAtt": Array [
            "PipelineAuditVulnScanVulnScanProjectRole5481100A",
            "Arn",
          ],
        },
        "Source": Object {
          "BuildSpec": "{
  \\"version\\": \\"0.2\\",
  \\"phases\\": {
    \\"pre_build\\": {
      \\"commands\\": [
        \\"echo Build started on \`date\`\\",
        \\"docker build -t image2scan:ci .\\",
        \\"echo Build completed on \`date\`\\"
      ]
    },
    \\"build\\": {
      \\"commands\\": [
        \\"echo Scan started on \`date\`\\",
        \\"curl -s https://ci-tools.anchore.io/inline_scan-v0.8.2 | if [ -f \\\\\\"./policy_bundle.json\\\\\\" ]; then bash -s -- -f -t 300 -b ./policy_bundle.json image2scan:ci; else bash -s -- -f -t 300 image2scan:ci; fi\\",
        \\"echo Scan completed on \`date\`\\"
      ]
    }
  }
}",
          "Type": "CODEPIPELINE",
        },
      },
      "Type": "AWS::CodeBuild::Project",
    },
    "PipelineAuditVulnScanVulnScanProjectRole5481100A": Object {
      "Properties": Object {
        "AssumeRolePolicyDocument": Object {
          "Statement": Array [
            Object {
              "Action": "sts:AssumeRole",
              "Effect": "Allow",
              "Principal": Object {
                "Service": "codebuild.amazonaws.com",
              },
            },
          ],
          "Version": "2012-10-17",
        },
      },
      "Type": "AWS::IAM::Role",
    },
    "PipelineAuditVulnScanVulnScanProjectRoleDefaultPolicyEB39FF9D": Object {
      "Properties": Object {
        "PolicyDocument": Object {
          "Statement": Array [
            Object {
              "Action": Array [
                "logs:CreateLogGroup",
                "logs:CreateLogStream",
                "logs:PutLogEvents",
              ],
              "Effect": "Allow",
              "Resource": Array [
                Object {
                  "Fn::Join": Array [
                    "",
                    Array [
                      "arn:",
                      Object {
                        "Ref": "AWS::Partition",
                      },
                      ":logs:",
                      Object {
                        "Ref": "AWS::Region",
                      },
                      ":",
                      Object {
                        "Ref": "AWS::AccountId",
                      },
                      ":log-group:/aws/codebuild/",
                      Object {
                        "Ref": "PipelineAuditVulnScanVulnScanProject39EAD168",
                      },
                    ],
                  ],
                },
                Object {
                  "Fn::Join": Array [
                    "",
                    Array [
                      "arn:",
                      Object {
                        "Ref": "AWS::Partition",
                      },
                      ":logs:",
                      Object {
                        "Ref": "AWS::Region",
                      },
                      ":",
                      Object {
                        "Ref": "AWS::AccountId",
                      },
                      ":log-group:/aws/codebuild/",
                      Object {
                        "Ref": "PipelineAuditVulnScanVulnScanProject39EAD168",
                      },
                      ":*",
                    ],
                  ],
                },
              ],
            },
            Object {
              "Action": Array [
                "codebuild:CreateReportGroup",
                "codebuild:CreateReport",
                "codebuild:UpdateReport",
                "codebuild:BatchPutTestCases",
                "codebuild:BatchPutCodeCoverages",
              ],
              "Effect": "Allow",
              "Resource": Object {
                "Fn::Join": Array [
                  "",
                  Array [
                    "arn:",
                    Object {
                      "Ref": "AWS::Partition",
                    },
                    ":codebuild:",
                    Object {
                      "Ref": "AWS::Region",
                    },
                    ":",
                    Object {
                      "Ref": "AWS::AccountId",
                    },
                    ":report-group/",
                    Object {
                      "Ref": "PipelineAuditVulnScanVulnScanProject39EAD168",
                    },
                    "-*",
                  ],
                ],
              },
            },
            Object {
              "Action": Array [
                "s3:GetObject*",
                "s3:GetBucket*",
                "s3:List*",
              ],
              "Effect": "Allow",
              "Resource": Array [
                Object {
                  "Fn::GetAtt": Array [
                    "PipelineArtifactsBucket22248F97",
                    "Arn",
                  ],
                },
                Object {
                  "Fn::Join": Array [
                    "",
                    Array [
                      Object {
                        "Fn::GetAtt": Array [
                          "PipelineArtifactsBucket22248F97",
                          "Arn",
                        ],
                      },
                      "/*",
                    ],
                  ],
                },
              ],
            },
            Object {
              "Action": Array [
                "kms:Decrypt",
                "kms:DescribeKey",
              ],
              "Effect": "Allow",
              "Resource": Object {
                "Fn::GetAtt": Array [
                  "PipelineArtifactsBucketEncryptionKey01D58D69",
                  "Arn",
                ],
              },
            },
          ],
          "Version": "2012-10-17",
        },
        "PolicyName": "PipelineAuditVulnScanVulnScanProjectRoleDefaultPolicyEB39FF9D",
        "Roles": Array [
          Object {
            "Ref": "PipelineAuditVulnScanVulnScanProjectRole5481100A",
          },
        ],
      },
      "Type": "AWS::IAM::Policy",
    },
    "PipelineC660917D": Object {
      "DependsOn": Array [
        "PipelineRoleDefaultPolicyC7A05455",
        "PipelineRoleD68726F7",
      ],
      "Properties": Object {
        "ArtifactStore": Object {
          "EncryptionKey": Object {
            "Id": Object {
              "Fn::GetAtt": Array [
                "PipelineArtifactsBucketEncryptionKey01D58D69",
                "Arn",
              ],
            },
            "Type": "KMS",
          },
          "Location": Object {
            "Ref": "PipelineArtifactsBucket22248F97",
          },
          "Type": "S3",
        },
        "RoleArn": Object {
          "Fn::GetAtt": Array [
            "PipelineRoleD68726F7",
            "Arn",
          ],
        },
        "Stages": Array [
          Object {
            "Actions": Array [
              Object {
                "ActionTypeId": Object {
                  "Category": "Source",
                  "Owner": "AWS",
                  "Provider": "CodeCommit",
                  "Version": "1",
                },
                "Configuration": Object {
                  "BranchName": "master",
                  "PollForSourceChanges": false,
                  "RepositoryName": Object {
                    "Fn::GetAtt": Array [
                      "Repository22E53BBD",
                      "Name",
                    ],
                  },
                },
                "Name": "CodeCommit",
                "OutputArtifacts": Array [
                  Object {
                    "Name": "Artifact_Source_CodeCommit",
                  },
                ],
                "RoleArn": Object {
                  "Fn::GetAtt": Array [
                    "PipelineSourceCodeCommitCodePipelineActionRole0E96C592",
                    "Arn",
                  ],
                },
                "RunOrder": 1,
              },
            ],
            "Name": "Source",
          },
          Object {
            "Actions": Array [
              Object {
                "ActionTypeId": Object {
                  "Category": "Test",
                  "Owner": "AWS",
                  "Provider": "CodeBuild",
                  "Version": "1",
                },
                "Configuration": Object {
                  "ProjectName": Object {
                    "Ref": "PipelineAuditVulnScanVulnScanProject39EAD168",
                  },
                },
                "InputArtifacts": Array [
                  Object {
                    "Name": "Artifact_Source_CodeCommit",
                  },
                ],
                "Name": "VulnScan",
                "RoleArn": Object {
                  "Fn::GetAtt": Array [
                    "PipelineAuditVulnScanCodePipelineActionRole17B61EDD",
                    "Arn",
                  ],
                },
                "RunOrder": 1,
              },
            ],
            "Name": "Audit",
          },
        ],
      },
      "Type": "AWS::CodePipeline::Pipeline",
    },
    "PipelineEventsRole46BEEA7C": Object {
      "Properties": Object {
        "AssumeRolePolicyDocument": Object {
          "Statement": Array [
            Object {
              "Action": "sts:AssumeRole",
              "Effect": "Allow",
              "Principal": Object {
                "Service": "events.amazonaws.com",
              },
            },
          ],
          "Version": "2012-10-17",
        },
      },
      "Type": "AWS::IAM::Role",
    },
    "PipelineEventsRoleDefaultPolicyFF4FCCE0": Object {
      "Properties": Object {
        "PolicyDocument": Object {
          "Statement": Array [
            Object {
              "Action": "codepipeline:StartPipelineExecution",
              "Effect": "Allow",
              "Resource": Object {
                "Fn::Join": Array [
                  "",
                  Array [
                    "arn:",
                    Object {
                      "Ref": "AWS::Partition",
                    },
                    ":codepipeline:",
                    Object {
                      "Ref": "AWS::Region",
                    },
                    ":",
                    Object {
                      "Ref": "AWS::AccountId",
                    },
                    ":",
                    Object {
                      "Ref": "PipelineC660917D",
                    },
                  ],
                ],
              },
            },
          ],
          "Version": "2012-10-17",
        },
        "PolicyName": "PipelineEventsRoleDefaultPolicyFF4FCCE0",
        "Roles": Array [
          Object {
            "Ref": "PipelineEventsRole46BEEA7C",
          },
        ],
      },
      "Type": "AWS::IAM::Policy",
    },
    "PipelineRoleD68726F7": Object {
      "Properties": Object {
        "AssumeRolePolicyDocument": Object {
          "Statement": Array [
            Object {
              "Action": "sts:AssumeRole",
              "Effect": "Allow",
              "Principal": Object {
                "Service": "codepipeline.amazonaws.com",
              },
            },
          ],
          "Version": "2012-10-17",
        },
      },
      "Type": "AWS::IAM::Role",
    },
    "PipelineRoleDefaultPolicyC7A05455": Object {
      "Properties": Object {
        "PolicyDocument": Object {
          "Statement": Array [
            Object {
              "Action": Array [
                "s3:GetObject*",
                "s3:GetBucket*",
                "s3:List*",
                "s3:DeleteObject*",
                "s3:PutObject",
                "s3:PutObjectLegalHold",
                "s3:PutObjectRetention",
                "s3:PutObjectTagging",
                "s3:PutObjectVersionTagging",
                "s3:Abort*",
              ],
              "Effect": "Allow",
              "Resource": Array [
                Object {
                  "Fn::GetAtt": Array [
                    "PipelineArtifactsBucket22248F97",
                    "Arn",
                  ],
                },
                Object {
                  "Fn::Join": Array [
                    "",
                    Array [
                      Object {
                        "Fn::GetAtt": Array [
                          "PipelineArtifactsBucket22248F97",
                          "Arn",
                        ],
                      },
                      "/*",
                    ],
                  ],
                },
              ],
            },
            Object {
              "Action": Array [
                "kms:Decrypt",
                "kms:DescribeKey",
                "kms:Encrypt",
                "kms:ReEncrypt*",
                "kms:GenerateDataKey*",
              ],
              "Effect": "Allow",
              "Resource": Object {
                "Fn::GetAtt": Array [
                  "PipelineArtifactsBucketEncryptionKey01D58D69",
                  "Arn",
                ],
              },
            },
            Object {
              "Action": "sts:AssumeRole",
              "Effect": "Allow",
              "Resource": Object {
                "Fn::GetAtt": Array [
                  "PipelineSourceCodeCommitCodePipelineActionRole0E96C592",
                  "Arn",
                ],
              },
            },
            Object {
              "Action": "sts:AssumeRole",
              "Effect": "Allow",
              "Resource": Object {
                "Fn::GetAtt": Array [
                  "PipelineAuditVulnScanCodePipelineActionRole17B61EDD",
                  "Arn",
                ],
              },
            },
          ],
          "Version": "2012-10-17",
        },
        "PolicyName": "PipelineRoleDefaultPolicyC7A05455",
        "Roles": Array [
          Object {
            "Ref": "PipelineRoleD68726F7",
          },
        ],
      },
      "Type": "AWS::IAM::Policy",
    },
    "PipelineSourceCodeCommitCodePipelineActionRole0E96C592": Object {
      "Properties": Object {
        "AssumeRolePolicyDocument": Object {
          "Statement": Array [
            Object {
              "Action": "sts:AssumeRole",
              "Effect": "Allow",
              "Principal": Object {
                "AWS": Object {
                  "Fn::Join": Array [
                    "",
                    Array [
                      "arn:",
                      Object {
                        "Ref": "AWS::Partition",
                      },
                      ":iam::",
                      Object {
                        "Ref": "AWS::AccountId",
                      },
                      ":root",
                    ],
                  ],
                },
              },
            },
          ],
          "Version": "2012-10-17",
        },
      },
      "Type": "AWS::IAM::Role",
    },
    "PipelineSourceCodeCommitCodePipelineActionRoleDefaultPolicy2C15316E": Object {
      "Properties": Object {
        "PolicyDocument": Object {
          "Statement": Array [
            Object {
              "Action": Array [
                "s3:GetObject*",
                "s3:GetBucket*",
                "s3:List*",
                "s3:DeleteObject*",
                "s3:PutObject",
                "s3:PutObjectLegalHold",
                "s3:PutObjectRetention",
                "s3:PutObjectTagging",
                "s3:PutObjectVersionTagging",
                "s3:Abort*",
              ],
              "Effect": "Allow",
              "Resource": Array [
                Object {
                  "Fn::GetAtt": Array [
                    "PipelineArtifactsBucket22248F97",
                    "Arn",
                  ],
                },
                Object {
                  "Fn::Join": Array [
                    "",
                    Array [
                      Object {
                        "Fn::GetAtt": Array [
                          "PipelineArtifactsBucket22248F97",
                          "Arn",
                        ],
                      },
                      "/*",
                    ],
                  ],
                },
              ],
            },
            Object {
              "Action": Array [
                "kms:Decrypt",
                "kms:DescribeKey",
                "kms:Encrypt",
                "kms:ReEncrypt*",
                "kms:GenerateDataKey*",
              ],
              "Effect": "Allow",
              "Resource": Object {
                "Fn::GetAtt": Array [
                  "PipelineArtifactsBucketEncryptionKey01D58D69",
                  "Arn",
                ],
              },
            },
            Object {
              "Action": Array [
                "codecommit:GetBranch",
                "codecommit:GetCommit",
                "codecommit:UploadArchive",
                "codecommit:GetUploadArchiveStatus",
                "codecommit:CancelUploadArchive",
              ],
              "Effect": "Allow",
              "Resource": Object {
                "Fn::GetAtt": Array [
                  "Repository22E53BBD",
                  "Arn",
                ],
              },
            },
          ],
          "Version": "2012-10-17",
        },
        "PolicyName": "PipelineSourceCodeCommitCodePipelineActionRoleDefaultPolicy2C15316E",
        "Roles": Array [
          Object {
            "Ref": "PipelineSourceCodeCommitCodePipelineActionRole0E96C592",
          },
        ],
      },
      "Type": "AWS::IAM::Policy",
    },
    "Repository22E53BBD": Object {
      "Properties": Object {
        "RepositoryName": "MyRepositoryName",
      },
      "Type": "AWS::CodeCommit::Repository",
    },
    "RepositoryPipelineEventRuleF8DAF54A": Object {
      "Properties": Object {
        "EventPattern": Object {
          "detail": Object {
            "event": Array [
              "referenceCreated",
              "referenceUpdated",
            ],
            "referenceName": Array [
              "master",
            ],
          },
          "detail-type": Array [
            "CodeCommit Repository State Change",
          ],
          "resources": Array [
            Object {
              "Fn::GetAtt": Array [
                "Repository22E53BBD",
                "Arn",
              ],
            },
          ],
          "source": Array [
            "aws.codecommit",
          ],
        },
        "State": "ENABLED",
        "Targets": Array [
          Object {
            "Arn": Object {
              "Fn::Join": Array [
                "",
                Array [
                  "arn:",
                  Object {
                    "Ref": "AWS::Partition",
                  },
                  ":codepipeline:",
                  Object {
                    "Ref": "AWS::Region",
                  },
                  ":",
                  Object {
                    "Ref": "AWS::AccountId",
                  },
                  ":",
                  Object {
                    "Ref": "PipelineC660917D",
                  },
                ],
              ],
            },
            "Id": "Target0",
            "RoleArn": Object {
              "Fn::GetAtt": Array [
                "PipelineEventsRole46BEEA7C",
                "Arn",
              ],
            },
          },
        ],
      },
      "Type": "AWS::Events::Rule",
    },
  },
}
`;
