// Jest Snapshot v1, https://goo.gl/fbAQLP

exports[`default setup 1`] = `
Object {
  "Parameters": Object {
    "AssetParameters3ae958565a64c514a103975dd9e45bdf8f6a5b99a69abf26520fda1bedf8d4eeArtifactHash13736D08": Object {
      "Description": "Artifact hash for asset \\"3ae958565a64c514a103975dd9e45bdf8f6a5b99a69abf26520fda1bedf8d4ee\\"",
      "Type": "String",
    },
    "AssetParameters3ae958565a64c514a103975dd9e45bdf8f6a5b99a69abf26520fda1bedf8d4eeS3BucketE88BC6AC": Object {
      "Description": "S3 bucket for asset \\"3ae958565a64c514a103975dd9e45bdf8f6a5b99a69abf26520fda1bedf8d4ee\\"",
      "Type": "String",
    },
    "AssetParameters3ae958565a64c514a103975dd9e45bdf8f6a5b99a69abf26520fda1bedf8d4eeS3VersionKey70C273E0": Object {
      "Description": "S3 key for asset version \\"3ae958565a64c514a103975dd9e45bdf8f6a5b99a69abf26520fda1bedf8d4ee\\"",
      "Type": "String",
    },
  },
  "Resources": Object {
    "PipelineArtifactsBucket22248F97": Object {
      "DeletionPolicy": "Retain",
      "Properties": Object {
        "BucketEncryption": Object {
          "ServerSideEncryptionConfiguration": Array [
            Object {
              "ServerSideEncryptionByDefault": Object {
                "KMSMasterKeyID": Object {
                  "Fn::GetAtt": Array [
                    "PipelineArtifactsBucketEncryptionKey01D58D69",
                    "Arn",
                  ],
                },
                "SSEAlgorithm": "aws:kms",
              },
            },
          ],
        },
        "PublicAccessBlockConfiguration": Object {
          "BlockPublicAcls": true,
          "BlockPublicPolicy": true,
          "IgnorePublicAcls": true,
          "RestrictPublicBuckets": true,
        },
      },
      "Type": "AWS::S3::Bucket",
      "UpdateReplacePolicy": "Retain",
    },
    "PipelineArtifactsBucketEncryptionKey01D58D69": Object {
      "DeletionPolicy": "Delete",
      "Properties": Object {
        "KeyPolicy": Object {
          "Statement": Array [
            Object {
              "Action": Array [
                "kms:Create*",
                "kms:Describe*",
                "kms:Enable*",
                "kms:List*",
                "kms:Put*",
                "kms:Update*",
                "kms:Revoke*",
                "kms:Disable*",
                "kms:Get*",
                "kms:Delete*",
                "kms:ScheduleKeyDeletion",
                "kms:CancelKeyDeletion",
                "kms:GenerateDataKey",
                "kms:TagResource",
                "kms:UntagResource",
              ],
              "Effect": "Allow",
              "Principal": Object {
                "AWS": Object {
                  "Fn::Join": Array [
                    "",
                    Array [
                      "arn:",
                      Object {
                        "Ref": "AWS::Partition",
                      },
                      ":iam::",
                      Object {
                        "Ref": "AWS::AccountId",
                      },
                      ":root",
                    ],
                  ],
                },
              },
              "Resource": "*",
            },
            Object {
              "Action": Array [
                "kms:Decrypt",
                "kms:DescribeKey",
                "kms:Encrypt",
                "kms:ReEncrypt*",
                "kms:GenerateDataKey*",
              ],
              "Effect": "Allow",
              "Principal": Object {
                "AWS": Object {
                  "Fn::GetAtt": Array [
                    "PipelineRoleD68726F7",
                    "Arn",
                  ],
                },
              },
              "Resource": "*",
            },
            Object {
              "Action": Array [
                "kms:Decrypt",
                "kms:DescribeKey",
                "kms:Encrypt",
                "kms:ReEncrypt*",
                "kms:GenerateDataKey*",
              ],
              "Effect": "Allow",
              "Principal": Object {
                "AWS": Object {
                  "Fn::GetAtt": Array [
                    "PipelineSourceCodeCommitCodePipelineActionRole0E96C592",
                    "Arn",
                  ],
                },
              },
              "Resource": "*",
            },
          ],
          "Version": "2012-10-17",
        },
      },
      "Type": "AWS::KMS::Key",
      "UpdateReplacePolicy": "Delete",
    },
    "PipelineArtifactsBucketEncryptionKeyAlias5C510EEE": Object {
      "DeletionPolicy": "Delete",
      "Properties": Object {
        "AliasName": "alias/codepipeline-pipeline",
        "TargetKeyId": Object {
          "Fn::GetAtt": Array [
            "PipelineArtifactsBucketEncryptionKey01D58D69",
            "Arn",
          ],
        },
      },
      "Type": "AWS::KMS::Alias",
      "UpdateReplacePolicy": "Delete",
    },
    "PipelineC660917D": Object {
      "DependsOn": Array [
        "PipelineRoleDefaultPolicyC7A05455",
        "PipelineRoleD68726F7",
      ],
      "Properties": Object {
        "ArtifactStore": Object {
          "EncryptionKey": Object {
            "Id": Object {
              "Fn::GetAtt": Array [
                "PipelineArtifactsBucketEncryptionKey01D58D69",
                "Arn",
              ],
            },
            "Type": "KMS",
          },
          "Location": Object {
            "Ref": "PipelineArtifactsBucket22248F97",
          },
          "Type": "S3",
        },
        "RoleArn": Object {
          "Fn::GetAtt": Array [
            "PipelineRoleD68726F7",
            "Arn",
          ],
        },
        "Stages": Array [
          Object {
            "Actions": Array [
              Object {
                "ActionTypeId": Object {
                  "Category": "Source",
                  "Owner": "AWS",
                  "Provider": "CodeCommit",
                  "Version": "1",
                },
                "Configuration": Object {
                  "BranchName": "master",
                  "PollForSourceChanges": false,
                  "RepositoryName": Object {
                    "Fn::GetAtt": Array [
                      "Repository22E53BBD",
                      "Name",
                    ],
                  },
                },
                "Name": "CodeCommit",
                "OutputArtifacts": Array [
                  Object {
                    "Name": "Artifact_Source_CodeCommit",
                  },
                ],
                "RoleArn": Object {
                  "Fn::GetAtt": Array [
                    "PipelineSourceCodeCommitCodePipelineActionRole0E96C592",
                    "Arn",
                  ],
                },
                "RunOrder": 1,
              },
            ],
            "Name": "Source",
          },
          Object {
            "Actions": Array [
              Object {
                "ActionTypeId": Object {
                  "Category": "Invoke",
                  "Owner": "AWS",
                  "Provider": "Lambda",
                  "Version": "1",
                },
                "Configuration": Object {
                  "FunctionName": Object {
                    "Ref": "PipelineMergeMergeBranchesFunction306629C9",
                  },
                  "UserParameters": Object {
                    "Fn::Join": Array [
                      "",
                      Array [
                        "{\\"repositoryName\\":\\"",
                        Object {
                          "Fn::GetAtt": Array [
                            "Repository22E53BBD",
                            "Name",
                          ],
                        },
                        "\\",\\"sourceCommitSpecifier\\":\\"next\\",\\"destinationCommitSpecifier\\":\\"master\\"}",
                      ],
                    ],
                  },
                },
                "Name": "Merge",
                "RoleArn": Object {
                  "Fn::GetAtt": Array [
                    "PipelineMergeCodePipelineActionRole07E2EF1D",
                    "Arn",
                  ],
                },
                "RunOrder": 1,
              },
            ],
            "Name": "Merge",
          },
        ],
      },
      "Type": "AWS::CodePipeline::Pipeline",
    },
    "PipelineEventsRole46BEEA7C": Object {
      "Properties": Object {
        "AssumeRolePolicyDocument": Object {
          "Statement": Array [
            Object {
              "Action": "sts:AssumeRole",
              "Effect": "Allow",
              "Principal": Object {
                "Service": "events.amazonaws.com",
              },
            },
          ],
          "Version": "2012-10-17",
        },
      },
      "Type": "AWS::IAM::Role",
    },
    "PipelineEventsRoleDefaultPolicyFF4FCCE0": Object {
      "Properties": Object {
        "PolicyDocument": Object {
          "Statement": Array [
            Object {
              "Action": "codepipeline:StartPipelineExecution",
              "Effect": "Allow",
              "Resource": Object {
                "Fn::Join": Array [
                  "",
                  Array [
                    "arn:",
                    Object {
                      "Ref": "AWS::Partition",
                    },
                    ":codepipeline:",
                    Object {
                      "Ref": "AWS::Region",
                    },
                    ":",
                    Object {
                      "Ref": "AWS::AccountId",
                    },
                    ":",
                    Object {
                      "Ref": "PipelineC660917D",
                    },
                  ],
                ],
              },
            },
          ],
          "Version": "2012-10-17",
        },
        "PolicyName": "PipelineEventsRoleDefaultPolicyFF4FCCE0",
        "Roles": Array [
          Object {
            "Ref": "PipelineEventsRole46BEEA7C",
          },
        ],
      },
      "Type": "AWS::IAM::Policy",
    },
    "PipelineMergeCodePipelineActionRole07E2EF1D": Object {
      "Properties": Object {
        "AssumeRolePolicyDocument": Object {
          "Statement": Array [
            Object {
              "Action": "sts:AssumeRole",
              "Effect": "Allow",
              "Principal": Object {
                "AWS": Object {
                  "Fn::Join": Array [
                    "",
                    Array [
                      "arn:",
                      Object {
                        "Ref": "AWS::Partition",
                      },
                      ":iam::",
                      Object {
                        "Ref": "AWS::AccountId",
                      },
                      ":root",
                    ],
                  ],
                },
              },
            },
          ],
          "Version": "2012-10-17",
        },
      },
      "Type": "AWS::IAM::Role",
    },
    "PipelineMergeCodePipelineActionRoleDefaultPolicyDFF34592": Object {
      "Properties": Object {
        "PolicyDocument": Object {
          "Statement": Array [
            Object {
              "Action": "lambda:ListFunctions",
              "Effect": "Allow",
              "Resource": "*",
            },
            Object {
              "Action": "lambda:InvokeFunction",
              "Effect": "Allow",
              "Resource": Object {
                "Fn::GetAtt": Array [
                  "PipelineMergeMergeBranchesFunction306629C9",
                  "Arn",
                ],
              },
            },
          ],
          "Version": "2012-10-17",
        },
        "PolicyName": "PipelineMergeCodePipelineActionRoleDefaultPolicyDFF34592",
        "Roles": Array [
          Object {
            "Ref": "PipelineMergeCodePipelineActionRole07E2EF1D",
          },
        ],
      },
      "Type": "AWS::IAM::Policy",
    },
    "PipelineMergeMergeBranchesFunction306629C9": Object {
      "DependsOn": Array [
        "PipelineMergeMergeBranchesFunctionServiceRoleDefaultPolicy155E23EA",
        "PipelineMergeMergeBranchesFunctionServiceRole6C0E2853",
      ],
      "Properties": Object {
        "Code": Object {
          "S3Bucket": Object {
            "Ref": "AssetParameters3ae958565a64c514a103975dd9e45bdf8f6a5b99a69abf26520fda1bedf8d4eeS3BucketE88BC6AC",
          },
          "S3Key": Object {
            "Fn::Join": Array [
              "",
              Array [
                Object {
                  "Fn::Select": Array [
                    0,
                    Object {
                      "Fn::Split": Array [
                        "||",
                        Object {
                          "Ref": "AssetParameters3ae958565a64c514a103975dd9e45bdf8f6a5b99a69abf26520fda1bedf8d4eeS3VersionKey70C273E0",
                        },
                      ],
                    },
                  ],
                },
                Object {
                  "Fn::Select": Array [
                    1,
                    Object {
                      "Fn::Split": Array [
                        "||",
                        Object {
                          "Ref": "AssetParameters3ae958565a64c514a103975dd9e45bdf8f6a5b99a69abf26520fda1bedf8d4eeS3VersionKey70C273E0",
                        },
                      ],
                    },
                  ],
                },
              ],
            ],
          },
        },
        "Handler": "index.handler",
        "Role": Object {
          "Fn::GetAtt": Array [
            "PipelineMergeMergeBranchesFunctionServiceRole6C0E2853",
            "Arn",
          ],
        },
        "Runtime": "nodejs12.x",
      },
      "Type": "AWS::Lambda::Function",
    },
    "PipelineMergeMergeBranchesFunctionServiceRole6C0E2853": Object {
      "Properties": Object {
        "AssumeRolePolicyDocument": Object {
          "Statement": Array [
            Object {
              "Action": "sts:AssumeRole",
              "Effect": "Allow",
              "Principal": Object {
                "Service": "lambda.amazonaws.com",
              },
            },
          ],
          "Version": "2012-10-17",
        },
        "ManagedPolicyArns": Array [
          Object {
            "Fn::Join": Array [
              "",
              Array [
                "arn:",
                Object {
                  "Ref": "AWS::Partition",
                },
                ":iam::aws:policy/service-role/AWSLambdaBasicExecutionRole",
              ],
            ],
          },
        ],
      },
      "Type": "AWS::IAM::Role",
    },
    "PipelineMergeMergeBranchesFunctionServiceRoleDefaultPolicy155E23EA": Object {
      "Properties": Object {
        "PolicyDocument": Object {
          "Statement": Array [
            Object {
              "Action": "codecommit:MergeBranchesByFastForward",
              "Effect": "Allow",
              "Resource": Object {
                "Fn::GetAtt": Array [
                  "Repository22E53BBD",
                  "Arn",
                ],
              },
            },
            Object {
              "Action": Array [
                "codepipeline:PutJobSuccessResult",
                "codepipeline:PutJobFailureResult",
              ],
              "Effect": "Allow",
              "Resource": "*",
            },
          ],
          "Version": "2012-10-17",
        },
        "PolicyName": "PipelineMergeMergeBranchesFunctionServiceRoleDefaultPolicy155E23EA",
        "Roles": Array [
          Object {
            "Ref": "PipelineMergeMergeBranchesFunctionServiceRole6C0E2853",
          },
        ],
      },
      "Type": "AWS::IAM::Policy",
    },
    "PipelineRoleD68726F7": Object {
      "Properties": Object {
        "AssumeRolePolicyDocument": Object {
          "Statement": Array [
            Object {
              "Action": "sts:AssumeRole",
              "Effect": "Allow",
              "Principal": Object {
                "Service": "codepipeline.amazonaws.com",
              },
            },
          ],
          "Version": "2012-10-17",
        },
      },
      "Type": "AWS::IAM::Role",
    },
    "PipelineRoleDefaultPolicyC7A05455": Object {
      "Properties": Object {
        "PolicyDocument": Object {
          "Statement": Array [
            Object {
              "Action": Array [
                "s3:GetObject*",
                "s3:GetBucket*",
                "s3:List*",
                "s3:DeleteObject*",
                "s3:PutObject*",
                "s3:Abort*",
              ],
              "Effect": "Allow",
              "Resource": Array [
                Object {
                  "Fn::GetAtt": Array [
                    "PipelineArtifactsBucket22248F97",
                    "Arn",
                  ],
                },
                Object {
                  "Fn::Join": Array [
                    "",
                    Array [
                      Object {
                        "Fn::GetAtt": Array [
                          "PipelineArtifactsBucket22248F97",
                          "Arn",
                        ],
                      },
                      "/*",
                    ],
                  ],
                },
              ],
            },
            Object {
              "Action": Array [
                "kms:Decrypt",
                "kms:DescribeKey",
                "kms:Encrypt",
                "kms:ReEncrypt*",
                "kms:GenerateDataKey*",
              ],
              "Effect": "Allow",
              "Resource": Object {
                "Fn::GetAtt": Array [
                  "PipelineArtifactsBucketEncryptionKey01D58D69",
                  "Arn",
                ],
              },
            },
            Object {
              "Action": "sts:AssumeRole",
              "Effect": "Allow",
              "Resource": Object {
                "Fn::GetAtt": Array [
                  "PipelineSourceCodeCommitCodePipelineActionRole0E96C592",
                  "Arn",
                ],
              },
            },
            Object {
              "Action": "sts:AssumeRole",
              "Effect": "Allow",
              "Resource": Object {
                "Fn::GetAtt": Array [
                  "PipelineMergeCodePipelineActionRole07E2EF1D",
                  "Arn",
                ],
              },
            },
          ],
          "Version": "2012-10-17",
        },
        "PolicyName": "PipelineRoleDefaultPolicyC7A05455",
        "Roles": Array [
          Object {
            "Ref": "PipelineRoleD68726F7",
          },
        ],
      },
      "Type": "AWS::IAM::Policy",
    },
    "PipelineSourceCodeCommitCodePipelineActionRole0E96C592": Object {
      "Properties": Object {
        "AssumeRolePolicyDocument": Object {
          "Statement": Array [
            Object {
              "Action": "sts:AssumeRole",
              "Effect": "Allow",
              "Principal": Object {
                "AWS": Object {
                  "Fn::Join": Array [
                    "",
                    Array [
                      "arn:",
                      Object {
                        "Ref": "AWS::Partition",
                      },
                      ":iam::",
                      Object {
                        "Ref": "AWS::AccountId",
                      },
                      ":root",
                    ],
                  ],
                },
              },
            },
          ],
          "Version": "2012-10-17",
        },
      },
      "Type": "AWS::IAM::Role",
    },
    "PipelineSourceCodeCommitCodePipelineActionRoleDefaultPolicy2C15316E": Object {
      "Properties": Object {
        "PolicyDocument": Object {
          "Statement": Array [
            Object {
              "Action": Array [
                "s3:GetObject*",
                "s3:GetBucket*",
                "s3:List*",
                "s3:DeleteObject*",
                "s3:PutObject*",
                "s3:Abort*",
              ],
              "Effect": "Allow",
              "Resource": Array [
                Object {
                  "Fn::GetAtt": Array [
                    "PipelineArtifactsBucket22248F97",
                    "Arn",
                  ],
                },
                Object {
                  "Fn::Join": Array [
                    "",
                    Array [
                      Object {
                        "Fn::GetAtt": Array [
                          "PipelineArtifactsBucket22248F97",
                          "Arn",
                        ],
                      },
                      "/*",
                    ],
                  ],
                },
              ],
            },
            Object {
              "Action": Array [
                "kms:Decrypt",
                "kms:DescribeKey",
                "kms:Encrypt",
                "kms:ReEncrypt*",
                "kms:GenerateDataKey*",
              ],
              "Effect": "Allow",
              "Resource": Object {
                "Fn::GetAtt": Array [
                  "PipelineArtifactsBucketEncryptionKey01D58D69",
                  "Arn",
                ],
              },
            },
            Object {
              "Action": Array [
                "codecommit:GetBranch",
                "codecommit:GetCommit",
                "codecommit:UploadArchive",
                "codecommit:GetUploadArchiveStatus",
                "codecommit:CancelUploadArchive",
              ],
              "Effect": "Allow",
              "Resource": Object {
                "Fn::GetAtt": Array [
                  "Repository22E53BBD",
                  "Arn",
                ],
              },
            },
          ],
          "Version": "2012-10-17",
        },
        "PolicyName": "PipelineSourceCodeCommitCodePipelineActionRoleDefaultPolicy2C15316E",
        "Roles": Array [
          Object {
            "Ref": "PipelineSourceCodeCommitCodePipelineActionRole0E96C592",
          },
        ],
      },
      "Type": "AWS::IAM::Policy",
    },
    "Repository22E53BBD": Object {
      "Properties": Object {
        "RepositoryDescription": "Some description.",
        "RepositoryName": "MyRepositoryName",
      },
      "Type": "AWS::CodeCommit::Repository",
    },
    "RepositoryPipelineEventRuleF8DAF54A": Object {
      "Properties": Object {
        "EventPattern": Object {
          "detail": Object {
            "event": Array [
              "referenceCreated",
              "referenceUpdated",
            ],
            "referenceName": Array [
              "master",
            ],
          },
          "detail-type": Array [
            "CodeCommit Repository State Change",
          ],
          "resources": Array [
            Object {
              "Fn::GetAtt": Array [
                "Repository22E53BBD",
                "Arn",
              ],
            },
          ],
          "source": Array [
            "aws.codecommit",
          ],
        },
        "State": "ENABLED",
        "Targets": Array [
          Object {
            "Arn": Object {
              "Fn::Join": Array [
                "",
                Array [
                  "arn:",
                  Object {
                    "Ref": "AWS::Partition",
                  },
                  ":codepipeline:",
                  Object {
                    "Ref": "AWS::Region",
                  },
                  ":",
                  Object {
                    "Ref": "AWS::AccountId",
                  },
                  ":",
                  Object {
                    "Ref": "PipelineC660917D",
                  },
                ],
              ],
            },
            "Id": "Target0",
            "RoleArn": Object {
              "Fn::GetAtt": Array [
                "PipelineEventsRole46BEEA7C",
                "Arn",
              ],
            },
          },
        ],
      },
      "Type": "AWS::Events::Rule",
    },
  },
}
`;
