// Jest Snapshot v1, https://goo.gl/fbAQLP

exports[`default setup 1`] = `
Object {
  "Resources": Object {
    "AWS679f53fac002430cb0da5b7982bd22872D164C4C": Object {
      "DependsOn": Array [
        "AWS679f53fac002430cb0da5b7982bd2287ServiceRoleC1EA0FF2",
      ],
      "Properties": Object {
        "Code": Any<Object>,
        "Handler": "index.handler",
        "Role": Object {
          "Fn::GetAtt": Array [
            "AWS679f53fac002430cb0da5b7982bd2287ServiceRoleC1EA0FF2",
            "Arn",
          ],
        },
        "Runtime": "nodejs12.x",
        "Timeout": 120,
      },
      "Type": "AWS::Lambda::Function",
    },
    "AWS679f53fac002430cb0da5b7982bd2287ServiceRoleC1EA0FF2": Object {
      "Properties": Object {
        "AssumeRolePolicyDocument": Object {
          "Statement": Array [
            Object {
              "Action": "sts:AssumeRole",
              "Effect": "Allow",
              "Principal": Object {
                "Service": "lambda.amazonaws.com",
              },
            },
          ],
          "Version": "2012-10-17",
        },
        "ManagedPolicyArns": Array [
          Object {
            "Fn::Join": Array [
              "",
              Array [
                "arn:",
                Object {
                  "Ref": "AWS::Partition",
                },
                ":iam::aws:policy/service-role/AWSLambdaBasicExecutionRole",
              ],
            ],
          },
        ],
      },
      "Type": "AWS::IAM::Role",
    },
    "DummyTaskDefinitionCustomResourcePolicyB5660701": Object {
      "Properties": Object {
        "PolicyDocument": Object {
          "Statement": Array [
            Object {
              "Action": Array [
                "ecs:RegisterTaskDefinition",
                "ecs:DeregisterTaskDefinition",
              ],
              "Effect": "Allow",
              "Resource": "*",
            },
            Object {
              "Action": "iam:PassRole",
              "Effect": "Allow",
              "Resource": Object {
                "Fn::GetAtt": Array [
                  "DummyTaskDefinitionExecutionRole715DBD43",
                  "Arn",
                ],
              },
            },
          ],
          "Version": "2012-10-17",
        },
        "PolicyName": "DummyTaskDefinitionCustomResourcePolicyB5660701",
        "Roles": Array [
          Object {
            "Ref": "AWS679f53fac002430cb0da5b7982bd2287ServiceRoleC1EA0FF2",
          },
        ],
      },
      "Type": "AWS::IAM::Policy",
    },
    "DummyTaskDefinitionE3D9D432": Object {
      "DeletionPolicy": "Delete",
      "DependsOn": Array [
        "DummyTaskDefinitionCustomResourcePolicyB5660701",
      ],
      "Properties": Object {
        "Create": Object {
          "Fn::Join": Array [
            "",
            Array [
              "{\\"service\\":\\"ECS\\",\\"action\\":\\"registerTaskDefinition\\",\\"parameters\\":{\\"requiresCompatibilities\\":[\\"FARGATE\\"],\\"family\\":\\"c86e1e5d419d3c124c7e40411b7e7805f91621e162\\",\\"executionRoleArn\\":\\"",
              Object {
                "Fn::GetAtt": Array [
                  "DummyTaskDefinitionExecutionRole715DBD43",
                  "Arn",
                ],
              },
              "\\",\\"taskRoleArn\\":\\"",
              Object {
                "Fn::GetAtt": Array [
                  "DummyTaskDefinitionExecutionRole715DBD43",
                  "Arn",
                ],
              },
              "\\",\\"networkMode\\":\\"awsvpc\\",\\"cpu\\":\\"256\\",\\"memory\\":\\"512\\",\\"containerDefinitions\\":[{\\"name\\":\\"sample-website\\",\\"image\\":\\"image\\",\\"portMappings\\":[{\\"hostPort\\":80,\\"protocol\\":\\"tcp\\",\\"containerPort\\":80}]}]},\\"physicalResourceId\\":{\\"responsePath\\":\\"taskDefinition.taskDefinitionArn\\"}}",
            ],
          ],
        },
        "Delete": "{\\"service\\":\\"ECS\\",\\"action\\":\\"deregisterTaskDefinition\\",\\"parameters\\":{\\"taskDefinition\\":\\"PHYSICAL:RESOURCEID:\\"}}",
        "InstallLatestAwsSdk": true,
        "ServiceToken": Object {
          "Fn::GetAtt": Array [
            "AWS679f53fac002430cb0da5b7982bd22872D164C4C",
            "Arn",
          ],
        },
        "Update": Object {
          "Fn::Join": Array [
            "",
            Array [
              "{\\"service\\":\\"ECS\\",\\"action\\":\\"registerTaskDefinition\\",\\"parameters\\":{\\"requiresCompatibilities\\":[\\"FARGATE\\"],\\"family\\":\\"c86e1e5d419d3c124c7e40411b7e7805f91621e162\\",\\"executionRoleArn\\":\\"",
              Object {
                "Fn::GetAtt": Array [
                  "DummyTaskDefinitionExecutionRole715DBD43",
                  "Arn",
                ],
              },
              "\\",\\"taskRoleArn\\":\\"",
              Object {
                "Fn::GetAtt": Array [
                  "DummyTaskDefinitionExecutionRole715DBD43",
                  "Arn",
                ],
              },
              "\\",\\"networkMode\\":\\"awsvpc\\",\\"cpu\\":\\"256\\",\\"memory\\":\\"512\\",\\"containerDefinitions\\":[{\\"name\\":\\"sample-website\\",\\"image\\":\\"image\\",\\"portMappings\\":[{\\"hostPort\\":80,\\"protocol\\":\\"tcp\\",\\"containerPort\\":80}]}]},\\"physicalResourceId\\":{\\"responsePath\\":\\"taskDefinition.taskDefinitionArn\\"}}",
            ],
          ],
        },
      },
      "Type": "Custom::DummyTaskDefinition",
      "UpdateReplacePolicy": "Delete",
    },
    "DummyTaskDefinitionExecutionRole715DBD43": Object {
      "Properties": Object {
        "AssumeRolePolicyDocument": Object {
          "Statement": Array [
            Object {
              "Action": "sts:AssumeRole",
              "Effect": "Allow",
              "Principal": Object {
                "Service": "ecs-tasks.amazonaws.com",
              },
            },
          ],
          "Version": "2012-10-17",
        },
        "ManagedPolicyArns": Array [
          Object {
            "Fn::Join": Array [
              "",
              Array [
                "arn:",
                Object {
                  "Ref": "AWS::Partition",
                },
                ":iam::aws:policy/service-role/AmazonECSTaskExecutionRolePolicy",
              ],
            ],
          },
        ],
      },
      "Type": "AWS::IAM::Role",
    },
  },
}
`;
