// Jest Snapshot v1, https://goo.gl/fbAQLP

exports[`cdk-contentful-webhook snapshot 1`] = `
Object {
  "Resources": Object {
    "ContentfulWebhookCustomResourceFC4E1F73": Object {
      "DeletionPolicy": "Delete",
      "Properties": Object {
        "AccessTokenString": "{\\"secretKeyType\\":\\"PLAIN_TEXT\\",\\"value\\":\\"<access_token>\\"}",
        "Name": "My webhook",
        "ServiceToken": Object {
          "Fn::GetAtt": Array [
            "CustomContentfulWebhook91f2075fb9504743a66bee0f6febf50d4005AAA1",
            "Arn",
          ],
        },
        "SpaceId": "<space_id>",
        "Topics": Array [
          "Entry.create",
          "ContentType.create",
          "*.publish",
          "Asset.*",
        ],
        "Url": "https://www.example.com/test",
      },
      "Type": "Custom::ContentfulWebhook",
      "UpdateReplacePolicy": "Delete",
    },
    "CustomContentfulWebhook91f2075fb9504743a66bee0f6febf50d4005AAA1": Object {
      "DependsOn": Array [
        "CustomContentfulWebhook91f2075fb9504743a66bee0f6febf50dServiceRole311F9EBA",
      ],
      "Properties": Object {
        "Code": Any<Object>,
        "Handler": "index.handler",
        "Role": Object {
          "Fn::GetAtt": Array [
            "CustomContentfulWebhook91f2075fb9504743a66bee0f6febf50dServiceRole311F9EBA",
            "Arn",
          ],
        },
        "Runtime": "nodejs18.x",
        "Timeout": 900,
      },
      "Type": "AWS::Lambda::Function",
    },
    "CustomContentfulWebhook91f2075fb9504743a66bee0f6febf50dServiceRole311F9EBA": Object {
      "Properties": Object {
        "AssumeRolePolicyDocument": Object {
          "Statement": Array [
            Object {
              "Action": "sts:AssumeRole",
              "Effect": "Allow",
              "Principal": Object {
                "Service": "lambda.amazonaws.com",
              },
            },
          ],
          "Version": "2012-10-17",
        },
        "ManagedPolicyArns": Array [
          Object {
            "Fn::Join": Array [
              "",
              Array [
                "arn:",
                Object {
                  "Ref": "AWS::Partition",
                },
                ":iam::aws:policy/service-role/AWSLambdaBasicExecutionRole",
              ],
            ],
          },
        ],
      },
      "Type": "AWS::IAM::Role",
    },
  },
}
`;
