// Jest Snapshot v1, https://goo.gl/fbAQLP

exports[`bucket 1`] = `
Object {
  "Resources": Object {
    "CustomDynamodbSeederCustomDynamodbSeeder3D3D7F10": Object {
      "DependsOn": Array [
        "CustomDynamodbSeederCustomDynamodbSeederServiceRoleDefaultPolicy6C04255C",
        "CustomDynamodbSeederCustomDynamodbSeederServiceRole5FC6AEF8",
      ],
      "Properties": Object {
        "Code": Object {
          "S3Bucket": Object {
            "Fn::Sub": "cdk-hnb659fds-assets-\${AWS::AccountId}-\${AWS::Region}",
          },
          "S3Key": "9aef665652bde9e695d1b39b9e6e66f873d205e83ceea61d4dd36edbf4716c4e.zip",
        },
        "Handler": "index.handler",
        "Role": Object {
          "Fn::GetAtt": Array [
            "CustomDynamodbSeederCustomDynamodbSeederServiceRole5FC6AEF8",
            "Arn",
          ],
        },
        "Runtime": "nodejs18.x",
        "Timeout": 900,
      },
      "Type": "AWS::Lambda::Function",
    },
    "CustomDynamodbSeederCustomDynamodbSeederServiceRole5FC6AEF8": Object {
      "Properties": Object {
        "AssumeRolePolicyDocument": Object {
          "Statement": Array [
            Object {
              "Action": "sts:AssumeRole",
              "Effect": "Allow",
              "Principal": Object {
                "Service": "lambda.amazonaws.com",
              },
            },
          ],
          "Version": "2012-10-17",
        },
        "ManagedPolicyArns": Array [
          Object {
            "Fn::Join": Array [
              "",
              Array [
                "arn:",
                Object {
                  "Ref": "AWS::Partition",
                },
                ":iam::aws:policy/service-role/AWSLambdaBasicExecutionRole",
              ],
            ],
          },
        ],
      },
      "Type": "AWS::IAM::Role",
    },
    "CustomDynamodbSeederCustomDynamodbSeederServiceRoleDefaultPolicy6C04255C": Object {
      "Properties": Object {
        "PolicyDocument": Object {
          "Statement": Array [
            Object {
              "Action": "dynamodb:BatchWriteItem",
              "Effect": "Allow",
              "Resource": Object {
                "Fn::GetAtt": Array [
                  "TableCD117FA1",
                  "Arn",
                ],
              },
            },
            Object {
              "Action": "s3:GetObject",
              "Effect": "Allow",
              "Resource": Object {
                "Fn::Join": Array [
                  "",
                  Array [
                    "arn:",
                    Object {
                      "Ref": "AWS::Partition",
                    },
                    ":s3:::my-seeds-bucket/seeds.json",
                  ],
                ],
              },
            },
          ],
          "Version": "2012-10-17",
        },
        "PolicyName": "CustomDynamodbSeederCustomDynamodbSeederServiceRoleDefaultPolicy6C04255C",
        "Roles": Array [
          Object {
            "Ref": "CustomDynamodbSeederCustomDynamodbSeederServiceRole5FC6AEF8",
          },
        ],
      },
      "Type": "AWS::IAM::Policy",
    },
    "DynamoDBSeederCustomResourceEF4D5C60": Object {
      "DeletionPolicy": "Delete",
      "Properties": Object {
        "Seeds": Object {
          "S3Bucket": "my-seeds-bucket",
          "S3Key": "seeds.json",
        },
        "ServiceToken": Object {
          "Fn::GetAtt": Array [
            "CustomDynamodbSeederCustomDynamodbSeeder3D3D7F10",
            "Arn",
          ],
        },
        "TableName": Object {
          "Ref": "TableCD117FA1",
        },
      },
      "Type": "Custom::DynamodbSeeder",
      "UpdateReplacePolicy": "Delete",
    },
    "TableCD117FA1": Object {
      "DeletionPolicy": "Retain",
      "Properties": Object {
        "AttributeDefinitions": Array [
          Object {
            "AttributeName": "id",
            "AttributeType": "N",
          },
        ],
        "KeySchema": Array [
          Object {
            "AttributeName": "id",
            "KeyType": "HASH",
          },
        ],
        "ProvisionedThroughput": Object {
          "ReadCapacityUnits": 5,
          "WriteCapacityUnits": 5,
        },
      },
      "Type": "AWS::DynamoDB::Table",
      "UpdateReplacePolicy": "Retain",
    },
  },
}
`;

exports[`customer managed encryption key 1`] = `
Object {
  "Resources": Object {
    "CustomDynamodbSeederCustomDynamodbSeeder3D3D7F10": Object {
      "DependsOn": Array [
        "CustomDynamodbSeederCustomDynamodbSeederServiceRoleDefaultPolicy6C04255C",
        "CustomDynamodbSeederCustomDynamodbSeederServiceRole5FC6AEF8",
      ],
      "Properties": Object {
        "Code": Object {
          "S3Bucket": Object {
            "Fn::Sub": "cdk-hnb659fds-assets-\${AWS::AccountId}-\${AWS::Region}",
          },
          "S3Key": "9aef665652bde9e695d1b39b9e6e66f873d205e83ceea61d4dd36edbf4716c4e.zip",
        },
        "Handler": "index.handler",
        "Role": Object {
          "Fn::GetAtt": Array [
            "CustomDynamodbSeederCustomDynamodbSeederServiceRole5FC6AEF8",
            "Arn",
          ],
        },
        "Runtime": "nodejs18.x",
        "Timeout": 900,
      },
      "Type": "AWS::Lambda::Function",
    },
    "CustomDynamodbSeederCustomDynamodbSeederServiceRole5FC6AEF8": Object {
      "Properties": Object {
        "AssumeRolePolicyDocument": Object {
          "Statement": Array [
            Object {
              "Action": "sts:AssumeRole",
              "Effect": "Allow",
              "Principal": Object {
                "Service": "lambda.amazonaws.com",
              },
            },
          ],
          "Version": "2012-10-17",
        },
        "ManagedPolicyArns": Array [
          Object {
            "Fn::Join": Array [
              "",
              Array [
                "arn:",
                Object {
                  "Ref": "AWS::Partition",
                },
                ":iam::aws:policy/service-role/AWSLambdaBasicExecutionRole",
              ],
            ],
          },
        ],
      },
      "Type": "AWS::IAM::Role",
    },
    "CustomDynamodbSeederCustomDynamodbSeederServiceRoleDefaultPolicy6C04255C": Object {
      "Properties": Object {
        "PolicyDocument": Object {
          "Statement": Array [
            Object {
              "Action": "dynamodb:BatchWriteItem",
              "Effect": "Allow",
              "Resource": Object {
                "Fn::GetAtt": Array [
                  "TableCD117FA1",
                  "Arn",
                ],
              },
            },
            Object {
              "Action": Array [
                "kms:Encrypt",
                "kms:Decrypt",
                "kms:ReEncrypt*",
                "kms:GenerateDataKey*",
                "kms:DescribeKey",
                "kms:CreateGrant",
              ],
              "Effect": "Allow",
              "Resource": Object {
                "Fn::GetAtt": Array [
                  "TableKey25666F95",
                  "Arn",
                ],
              },
            },
          ],
          "Version": "2012-10-17",
        },
        "PolicyName": "CustomDynamodbSeederCustomDynamodbSeederServiceRoleDefaultPolicy6C04255C",
        "Roles": Array [
          Object {
            "Ref": "CustomDynamodbSeederCustomDynamodbSeederServiceRole5FC6AEF8",
          },
        ],
      },
      "Type": "AWS::IAM::Policy",
    },
    "DynamoDBSeederCustomResourceEF4D5C60": Object {
      "DeletionPolicy": "Delete",
      "Properties": Object {
        "Seeds": Object {
          "InlineSeeds": "[{\\"id\\":1,\\"column\\":\\"foo\\"},{\\"id\\":2,\\"column\\":\\"bar\\"}]",
        },
        "ServiceToken": Object {
          "Fn::GetAtt": Array [
            "CustomDynamodbSeederCustomDynamodbSeeder3D3D7F10",
            "Arn",
          ],
        },
        "TableName": Object {
          "Ref": "TableCD117FA1",
        },
      },
      "Type": "Custom::DynamodbSeeder",
      "UpdateReplacePolicy": "Delete",
    },
    "TableCD117FA1": Object {
      "DeletionPolicy": "Retain",
      "Properties": Object {
        "AttributeDefinitions": Array [
          Object {
            "AttributeName": "id",
            "AttributeType": "N",
          },
        ],
        "KeySchema": Array [
          Object {
            "AttributeName": "id",
            "KeyType": "HASH",
          },
        ],
        "ProvisionedThroughput": Object {
          "ReadCapacityUnits": 5,
          "WriteCapacityUnits": 5,
        },
        "SSESpecification": Object {
          "KMSMasterKeyId": Object {
            "Fn::GetAtt": Array [
              "TableKey25666F95",
              "Arn",
            ],
          },
          "SSEEnabled": true,
          "SSEType": "KMS",
        },
      },
      "Type": "AWS::DynamoDB::Table",
      "UpdateReplacePolicy": "Retain",
    },
    "TableKey25666F95": Object {
      "DeletionPolicy": "Retain",
      "Properties": Object {
        "Description": "Customer-managed key auto-created for encrypting DynamoDB table at Default/Table",
        "EnableKeyRotation": true,
        "KeyPolicy": Object {
          "Statement": Array [
            Object {
              "Action": "kms:*",
              "Effect": "Allow",
              "Principal": Object {
                "AWS": Object {
                  "Fn::Join": Array [
                    "",
                    Array [
                      "arn:",
                      Object {
                        "Ref": "AWS::Partition",
                      },
                      ":iam::",
                      Object {
                        "Ref": "AWS::AccountId",
                      },
                      ":root",
                    ],
                  ],
                },
              },
              "Resource": "*",
            },
          ],
          "Version": "2012-10-17",
        },
      },
      "Type": "AWS::KMS::Key",
      "UpdateReplacePolicy": "Retain",
    },
  },
}
`;

exports[`inline 1`] = `
Object {
  "Resources": Object {
    "CustomDynamodbSeederCustomDynamodbSeeder3D3D7F10": Object {
      "DependsOn": Array [
        "CustomDynamodbSeederCustomDynamodbSeederServiceRoleDefaultPolicy6C04255C",
        "CustomDynamodbSeederCustomDynamodbSeederServiceRole5FC6AEF8",
      ],
      "Properties": Object {
        "Code": Object {
          "S3Bucket": Object {
            "Fn::Sub": "cdk-hnb659fds-assets-\${AWS::AccountId}-\${AWS::Region}",
          },
          "S3Key": "9aef665652bde9e695d1b39b9e6e66f873d205e83ceea61d4dd36edbf4716c4e.zip",
        },
        "Handler": "index.handler",
        "Role": Object {
          "Fn::GetAtt": Array [
            "CustomDynamodbSeederCustomDynamodbSeederServiceRole5FC6AEF8",
            "Arn",
          ],
        },
        "Runtime": "nodejs18.x",
        "Timeout": 900,
      },
      "Type": "AWS::Lambda::Function",
    },
    "CustomDynamodbSeederCustomDynamodbSeederServiceRole5FC6AEF8": Object {
      "Properties": Object {
        "AssumeRolePolicyDocument": Object {
          "Statement": Array [
            Object {
              "Action": "sts:AssumeRole",
              "Effect": "Allow",
              "Principal": Object {
                "Service": "lambda.amazonaws.com",
              },
            },
          ],
          "Version": "2012-10-17",
        },
        "ManagedPolicyArns": Array [
          Object {
            "Fn::Join": Array [
              "",
              Array [
                "arn:",
                Object {
                  "Ref": "AWS::Partition",
                },
                ":iam::aws:policy/service-role/AWSLambdaBasicExecutionRole",
              ],
            ],
          },
        ],
      },
      "Type": "AWS::IAM::Role",
    },
    "CustomDynamodbSeederCustomDynamodbSeederServiceRoleDefaultPolicy6C04255C": Object {
      "Properties": Object {
        "PolicyDocument": Object {
          "Statement": Array [
            Object {
              "Action": "dynamodb:BatchWriteItem",
              "Effect": "Allow",
              "Resource": Object {
                "Fn::GetAtt": Array [
                  "TableCD117FA1",
                  "Arn",
                ],
              },
            },
          ],
          "Version": "2012-10-17",
        },
        "PolicyName": "CustomDynamodbSeederCustomDynamodbSeederServiceRoleDefaultPolicy6C04255C",
        "Roles": Array [
          Object {
            "Ref": "CustomDynamodbSeederCustomDynamodbSeederServiceRole5FC6AEF8",
          },
        ],
      },
      "Type": "AWS::IAM::Policy",
    },
    "DynamoDBSeederCustomResourceEF4D5C60": Object {
      "DeletionPolicy": "Delete",
      "Properties": Object {
        "Seeds": Object {
          "InlineSeeds": "[{\\"id\\":1,\\"column\\":\\"foo\\"},{\\"id\\":2,\\"column\\":\\"bar\\"}]",
        },
        "ServiceToken": Object {
          "Fn::GetAtt": Array [
            "CustomDynamodbSeederCustomDynamodbSeeder3D3D7F10",
            "Arn",
          ],
        },
        "TableName": Object {
          "Ref": "TableCD117FA1",
        },
      },
      "Type": "Custom::DynamodbSeeder",
      "UpdateReplacePolicy": "Delete",
    },
    "TableCD117FA1": Object {
      "DeletionPolicy": "Retain",
      "Properties": Object {
        "AttributeDefinitions": Array [
          Object {
            "AttributeName": "id",
            "AttributeType": "N",
          },
        ],
        "KeySchema": Array [
          Object {
            "AttributeName": "id",
            "KeyType": "HASH",
          },
        ],
        "ProvisionedThroughput": Object {
          "ReadCapacityUnits": 5,
          "WriteCapacityUnits": 5,
        },
      },
      "Type": "AWS::DynamoDB::Table",
      "UpdateReplacePolicy": "Retain",
    },
  },
}
`;

exports[`json file 1`] = `
Object {
  "Resources": Object {
    "CustomDynamodbSeederCustomDynamodbSeeder3D3D7F10": Object {
      "DependsOn": Array [
        "CustomDynamodbSeederCustomDynamodbSeederServiceRoleDefaultPolicy6C04255C",
        "CustomDynamodbSeederCustomDynamodbSeederServiceRole5FC6AEF8",
      ],
      "Properties": Object {
        "Code": Object {
          "S3Bucket": Object {
            "Fn::Sub": "cdk-hnb659fds-assets-\${AWS::AccountId}-\${AWS::Region}",
          },
          "S3Key": "9aef665652bde9e695d1b39b9e6e66f873d205e83ceea61d4dd36edbf4716c4e.zip",
        },
        "Handler": "index.handler",
        "Role": Object {
          "Fn::GetAtt": Array [
            "CustomDynamodbSeederCustomDynamodbSeederServiceRole5FC6AEF8",
            "Arn",
          ],
        },
        "Runtime": "nodejs18.x",
        "Timeout": 900,
      },
      "Type": "AWS::Lambda::Function",
    },
    "CustomDynamodbSeederCustomDynamodbSeederServiceRole5FC6AEF8": Object {
      "Properties": Object {
        "AssumeRolePolicyDocument": Object {
          "Statement": Array [
            Object {
              "Action": "sts:AssumeRole",
              "Effect": "Allow",
              "Principal": Object {
                "Service": "lambda.amazonaws.com",
              },
            },
          ],
          "Version": "2012-10-17",
        },
        "ManagedPolicyArns": Array [
          Object {
            "Fn::Join": Array [
              "",
              Array [
                "arn:",
                Object {
                  "Ref": "AWS::Partition",
                },
                ":iam::aws:policy/service-role/AWSLambdaBasicExecutionRole",
              ],
            ],
          },
        ],
      },
      "Type": "AWS::IAM::Role",
    },
    "CustomDynamodbSeederCustomDynamodbSeederServiceRoleDefaultPolicy6C04255C": Object {
      "Properties": Object {
        "PolicyDocument": Object {
          "Statement": Array [
            Object {
              "Action": "dynamodb:BatchWriteItem",
              "Effect": "Allow",
              "Resource": Object {
                "Fn::GetAtt": Array [
                  "TableCD117FA1",
                  "Arn",
                ],
              },
            },
            Object {
              "Action": "s3:GetObject",
              "Effect": "Allow",
              "Resource": Object {
                "Fn::Join": Array [
                  "",
                  Array [
                    "arn:",
                    Object {
                      "Ref": "AWS::Partition",
                    },
                    ":s3:::",
                    Object {
                      "Fn::Sub": "cdk-hnb659fds-assets-\${AWS::AccountId}-\${AWS::Region}",
                    },
                    "/d030fc4499f9b92060beabbe94d500033cde3dd8a61a1668fdfcee96b2019ffd.json",
                  ],
                ],
              },
            },
          ],
          "Version": "2012-10-17",
        },
        "PolicyName": "CustomDynamodbSeederCustomDynamodbSeederServiceRoleDefaultPolicy6C04255C",
        "Roles": Array [
          Object {
            "Ref": "CustomDynamodbSeederCustomDynamodbSeederServiceRole5FC6AEF8",
          },
        ],
      },
      "Type": "AWS::IAM::Policy",
    },
    "DynamoDBSeederCustomResourceEF4D5C60": Object {
      "DeletionPolicy": "Delete",
      "Properties": Object {
        "Seeds": Object {
          "S3Bucket": Object {
            "Fn::Sub": "cdk-hnb659fds-assets-\${AWS::AccountId}-\${AWS::Region}",
          },
          "S3Key": "d030fc4499f9b92060beabbe94d500033cde3dd8a61a1668fdfcee96b2019ffd.json",
        },
        "ServiceToken": Object {
          "Fn::GetAtt": Array [
            "CustomDynamodbSeederCustomDynamodbSeeder3D3D7F10",
            "Arn",
          ],
        },
        "TableName": Object {
          "Ref": "TableCD117FA1",
        },
      },
      "Type": "Custom::DynamodbSeeder",
      "UpdateReplacePolicy": "Delete",
    },
    "TableCD117FA1": Object {
      "DeletionPolicy": "Retain",
      "Properties": Object {
        "AttributeDefinitions": Array [
          Object {
            "AttributeName": "id",
            "AttributeType": "N",
          },
        ],
        "KeySchema": Array [
          Object {
            "AttributeName": "id",
            "KeyType": "HASH",
          },
        ],
        "ProvisionedThroughput": Object {
          "ReadCapacityUnits": 5,
          "WriteCapacityUnits": 5,
        },
      },
      "Type": "AWS::DynamoDB::Table",
      "UpdateReplacePolicy": "Retain",
    },
  },
}
`;

exports[`multiple seeders 1`] = `
Object {
  "Resources": Object {
    "CustomDynamodbSeederCustomDynamodbSeeder3D3D7F10": Object {
      "DependsOn": Array [
        "CustomDynamodbSeederCustomDynamodbSeederServiceRoleDefaultPolicy6C04255C",
        "CustomDynamodbSeederCustomDynamodbSeederServiceRole5FC6AEF8",
      ],
      "Properties": Object {
        "Code": Object {
          "S3Bucket": Object {
            "Fn::Sub": "cdk-hnb659fds-assets-\${AWS::AccountId}-\${AWS::Region}",
          },
          "S3Key": "9aef665652bde9e695d1b39b9e6e66f873d205e83ceea61d4dd36edbf4716c4e.zip",
        },
        "Handler": "index.handler",
        "Role": Object {
          "Fn::GetAtt": Array [
            "CustomDynamodbSeederCustomDynamodbSeederServiceRole5FC6AEF8",
            "Arn",
          ],
        },
        "Runtime": "nodejs18.x",
        "Timeout": 900,
      },
      "Type": "AWS::Lambda::Function",
    },
    "CustomDynamodbSeederCustomDynamodbSeederServiceRole5FC6AEF8": Object {
      "Properties": Object {
        "AssumeRolePolicyDocument": Object {
          "Statement": Array [
            Object {
              "Action": "sts:AssumeRole",
              "Effect": "Allow",
              "Principal": Object {
                "Service": "lambda.amazonaws.com",
              },
            },
          ],
          "Version": "2012-10-17",
        },
        "ManagedPolicyArns": Array [
          Object {
            "Fn::Join": Array [
              "",
              Array [
                "arn:",
                Object {
                  "Ref": "AWS::Partition",
                },
                ":iam::aws:policy/service-role/AWSLambdaBasicExecutionRole",
              ],
            ],
          },
        ],
      },
      "Type": "AWS::IAM::Role",
    },
    "CustomDynamodbSeederCustomDynamodbSeederServiceRoleDefaultPolicy6C04255C": Object {
      "Properties": Object {
        "PolicyDocument": Object {
          "Statement": Array [
            Object {
              "Action": "dynamodb:BatchWriteItem",
              "Effect": "Allow",
              "Resource": Object {
                "Fn::GetAtt": Array [
                  "TableCD117FA1",
                  "Arn",
                ],
              },
            },
            Object {
              "Action": "s3:GetObject",
              "Effect": "Allow",
              "Resource": Object {
                "Fn::Join": Array [
                  "",
                  Array [
                    "arn:",
                    Object {
                      "Ref": "AWS::Partition",
                    },
                    ":s3:::seeds-bucket-one/seeds-one.json",
                  ],
                ],
              },
            },
            Object {
              "Action": "s3:GetObject",
              "Effect": "Allow",
              "Resource": Object {
                "Fn::Join": Array [
                  "",
                  Array [
                    "arn:",
                    Object {
                      "Ref": "AWS::Partition",
                    },
                    ":s3:::seeds-bucket-two/seeds-two.json",
                  ],
                ],
              },
            },
          ],
          "Version": "2012-10-17",
        },
        "PolicyName": "CustomDynamodbSeederCustomDynamodbSeederServiceRoleDefaultPolicy6C04255C",
        "Roles": Array [
          Object {
            "Ref": "CustomDynamodbSeederCustomDynamodbSeederServiceRole5FC6AEF8",
          },
        ],
      },
      "Type": "AWS::IAM::Policy",
    },
    "DynamoDBSeeder1CustomResource555E70AD": Object {
      "DeletionPolicy": "Delete",
      "Properties": Object {
        "Seeds": Object {
          "S3Bucket": "seeds-bucket-one",
          "S3Key": "seeds-one.json",
        },
        "ServiceToken": Object {
          "Fn::GetAtt": Array [
            "CustomDynamodbSeederCustomDynamodbSeeder3D3D7F10",
            "Arn",
          ],
        },
        "TableName": Object {
          "Ref": "TableCD117FA1",
        },
      },
      "Type": "Custom::DynamodbSeeder",
      "UpdateReplacePolicy": "Delete",
    },
    "DynamoDBSeeder2CustomResourceAC955965": Object {
      "DeletionPolicy": "Delete",
      "Properties": Object {
        "Seeds": Object {
          "S3Bucket": "seeds-bucket-two",
          "S3Key": "seeds-two.json",
        },
        "ServiceToken": Object {
          "Fn::GetAtt": Array [
            "CustomDynamodbSeederCustomDynamodbSeeder3D3D7F10",
            "Arn",
          ],
        },
        "TableName": Object {
          "Ref": "TableCD117FA1",
        },
      },
      "Type": "Custom::DynamodbSeeder",
      "UpdateReplacePolicy": "Delete",
    },
    "TableCD117FA1": Object {
      "DeletionPolicy": "Retain",
      "Properties": Object {
        "AttributeDefinitions": Array [
          Object {
            "AttributeName": "id",
            "AttributeType": "N",
          },
        ],
        "KeySchema": Array [
          Object {
            "AttributeName": "id",
            "KeyType": "HASH",
          },
        ],
        "ProvisionedThroughput": Object {
          "ReadCapacityUnits": 5,
          "WriteCapacityUnits": 5,
        },
      },
      "Type": "AWS::DynamoDB::Table",
      "UpdateReplacePolicy": "Retain",
    },
  },
}
`;
