// Jest Snapshot v1, https://goo.gl/fbAQLP

exports[`default setup 1`] = `
Object {
  "Resources": Object {
    "BackupBucket26B8E51C": Object {
      "DeletionPolicy": "Retain",
      "Properties": Object {
        "BucketEncryption": Object {
          "ServerSideEncryptionConfiguration": Array [
            Object {
              "ServerSideEncryptionByDefault": Object {
                "SSEAlgorithm": "AES256",
              },
            },
          ],
        },
        "LifecycleConfiguration": Object {
          "Rules": Array [
            Object {
              "ExpirationInDays": 35,
              "Status": "Enabled",
            },
          ],
        },
        "PublicAccessBlockConfiguration": Object {
          "BlockPublicAcls": true,
          "BlockPublicPolicy": true,
          "IgnorePublicAcls": true,
          "RestrictPublicBuckets": true,
        },
      },
      "Type": "AWS::S3::Bucket",
      "UpdateReplacePolicy": "Retain",
    },
    "FullRegionS3CodeCommitBackupFullRegionBackupProjectA02FDE37": Object {
      "Properties": Object {
        "Artifacts": Object {
          "Type": "NO_ARTIFACTS",
        },
        "Cache": Object {
          "Type": "NO_CACHE",
        },
        "EncryptionKey": "alias/aws/s3",
        "Environment": Object {
          "ComputeType": "BUILD_GENERAL1_SMALL",
          "EnvironmentVariables": Array [
            Object {
              "Name": "BACKUP_BUCKET",
              "Type": "PLAINTEXT",
              "Value": Object {
                "Ref": "BackupBucket26B8E51C",
              },
            },
            Object {
              "Name": "REPOSITORY_NAMES",
              "Type": "PLAINTEXT",
              "Value": "",
            },
            Object {
              "Name": "SCRIPTS_BUCKET",
              "Type": "PLAINTEXT",
              "Value": Object {
                "Fn::Sub": "cdk-hnb659fds-assets-\${AWS::AccountId}-\${AWS::Region}",
              },
            },
            Object {
              "Name": "SCRIPTS_BUCKET_KEY",
              "Type": "PLAINTEXT",
              "Value": "8209330a3815e0fb5441fc78f1fe454679383fa66835f4d7db88fd86867a4c45.zip",
            },
          ],
          "Image": "aws/codebuild/standard:5.0",
          "ImagePullCredentialsType": "CODEBUILD",
          "PrivilegedMode": false,
          "Type": "LINUX_CONTAINER",
        },
        "ServiceRole": Object {
          "Fn::GetAtt": Array [
            "FullRegionS3CodeCommitBackupFullRegionBackupProjectRole28E3BAE1",
            "Arn",
          ],
        },
        "Source": Object {
          "BuildSpec": "{
  \\"version\\": \\"0.2\\",
  \\"env\\": {
    \\"git-credential-helper\\": \\"yes\\"
  },
  \\"phases\\": {
    \\"pre_build\\": {
      \\"commands\\": [
        \\"echo \\\\\\"Downloading scripts from s3://\${SCRIPTS_BUCKET}/\${SCRIPTS_BUCKET_KEY}\\\\\\"\\",
        \\"aws s3 cp s3://\${SCRIPTS_BUCKET}/\${SCRIPTS_BUCKET_KEY} ./\\",
        \\"unzip ./$(basename \${SCRIPTS_BUCKET_KEY})\\"
      ]
    },
    \\"build\\": {
      \\"commands\\": [
        \\"chmod +x backup_codecommit.sh\\",
        \\"./backup_codecommit.sh\\"
      ]
    }
  }
}",
          "Type": "NO_SOURCE",
        },
      },
      "Type": "AWS::CodeBuild::Project",
    },
    "FullRegionS3CodeCommitBackupFullRegionBackupProjectEventsRole248E9A41": Object {
      "Properties": Object {
        "AssumeRolePolicyDocument": Object {
          "Statement": Array [
            Object {
              "Action": "sts:AssumeRole",
              "Effect": "Allow",
              "Principal": Object {
                "Service": "events.amazonaws.com",
              },
            },
          ],
          "Version": "2012-10-17",
        },
      },
      "Type": "AWS::IAM::Role",
    },
    "FullRegionS3CodeCommitBackupFullRegionBackupProjectEventsRoleDefaultPolicy7A0674E8": Object {
      "Properties": Object {
        "PolicyDocument": Object {
          "Statement": Array [
            Object {
              "Action": "codebuild:StartBuild",
              "Effect": "Allow",
              "Resource": Object {
                "Fn::GetAtt": Array [
                  "FullRegionS3CodeCommitBackupFullRegionBackupProjectA02FDE37",
                  "Arn",
                ],
              },
            },
          ],
          "Version": "2012-10-17",
        },
        "PolicyName": "FullRegionS3CodeCommitBackupFullRegionBackupProjectEventsRoleDefaultPolicy7A0674E8",
        "Roles": Array [
          Object {
            "Ref": "FullRegionS3CodeCommitBackupFullRegionBackupProjectEventsRole248E9A41",
          },
        ],
      },
      "Type": "AWS::IAM::Policy",
    },
    "FullRegionS3CodeCommitBackupFullRegionBackupProjectRole28E3BAE1": Object {
      "Properties": Object {
        "AssumeRolePolicyDocument": Object {
          "Statement": Array [
            Object {
              "Action": "sts:AssumeRole",
              "Effect": "Allow",
              "Principal": Object {
                "Service": "codebuild.amazonaws.com",
              },
            },
          ],
          "Version": "2012-10-17",
        },
      },
      "Type": "AWS::IAM::Role",
    },
    "FullRegionS3CodeCommitBackupFullRegionBackupProjectRoleDefaultPolicyB6125C22": Object {
      "Properties": Object {
        "PolicyDocument": Object {
          "Statement": Array [
            Object {
              "Action": Array [
                "logs:CreateLogGroup",
                "logs:CreateLogStream",
                "logs:PutLogEvents",
              ],
              "Effect": "Allow",
              "Resource": Array [
                Object {
                  "Fn::Join": Array [
                    "",
                    Array [
                      "arn:",
                      Object {
                        "Ref": "AWS::Partition",
                      },
                      ":logs:",
                      Object {
                        "Ref": "AWS::Region",
                      },
                      ":",
                      Object {
                        "Ref": "AWS::AccountId",
                      },
                      ":log-group:/aws/codebuild/",
                      Object {
                        "Ref": "FullRegionS3CodeCommitBackupFullRegionBackupProjectA02FDE37",
                      },
                    ],
                  ],
                },
                Object {
                  "Fn::Join": Array [
                    "",
                    Array [
                      "arn:",
                      Object {
                        "Ref": "AWS::Partition",
                      },
                      ":logs:",
                      Object {
                        "Ref": "AWS::Region",
                      },
                      ":",
                      Object {
                        "Ref": "AWS::AccountId",
                      },
                      ":log-group:/aws/codebuild/",
                      Object {
                        "Ref": "FullRegionS3CodeCommitBackupFullRegionBackupProjectA02FDE37",
                      },
                      ":*",
                    ],
                  ],
                },
              ],
            },
            Object {
              "Action": Array [
                "codebuild:CreateReportGroup",
                "codebuild:CreateReport",
                "codebuild:UpdateReport",
                "codebuild:BatchPutTestCases",
                "codebuild:BatchPutCodeCoverages",
              ],
              "Effect": "Allow",
              "Resource": Object {
                "Fn::Join": Array [
                  "",
                  Array [
                    "arn:",
                    Object {
                      "Ref": "AWS::Partition",
                    },
                    ":codebuild:",
                    Object {
                      "Ref": "AWS::Region",
                    },
                    ":",
                    Object {
                      "Ref": "AWS::AccountId",
                    },
                    ":report-group/",
                    Object {
                      "Ref": "FullRegionS3CodeCommitBackupFullRegionBackupProjectA02FDE37",
                    },
                    "-*",
                  ],
                ],
              },
            },
            Object {
              "Action": Array [
                "s3:GetObject*",
                "s3:GetBucket*",
                "s3:List*",
              ],
              "Effect": "Allow",
              "Resource": Array [
                Object {
                  "Fn::Join": Array [
                    "",
                    Array [
                      "arn:",
                      Object {
                        "Ref": "AWS::Partition",
                      },
                      ":s3:::",
                      Object {
                        "Fn::Sub": "cdk-hnb659fds-assets-\${AWS::AccountId}-\${AWS::Region}",
                      },
                    ],
                  ],
                },
                Object {
                  "Fn::Join": Array [
                    "",
                    Array [
                      "arn:",
                      Object {
                        "Ref": "AWS::Partition",
                      },
                      ":s3:::",
                      Object {
                        "Fn::Sub": "cdk-hnb659fds-assets-\${AWS::AccountId}-\${AWS::Region}",
                      },
                      "/*",
                    ],
                  ],
                },
              ],
            },
            Object {
              "Action": Array [
                "s3:PutObject",
                "s3:PutObjectLegalHold",
                "s3:PutObjectRetention",
                "s3:PutObjectTagging",
                "s3:PutObjectVersionTagging",
                "s3:Abort*",
              ],
              "Effect": "Allow",
              "Resource": Object {
                "Fn::Join": Array [
                  "",
                  Array [
                    Object {
                      "Fn::GetAtt": Array [
                        "BackupBucket26B8E51C",
                        "Arn",
                      ],
                    },
                    "/*",
                  ],
                ],
              },
            },
            Object {
              "Action": Array [
                "codecommit:BatchGet*",
                "codecommit:Get*",
                "codecommit:Describe*",
                "codecommit:List*",
                "codecommit:GitPull",
              ],
              "Effect": "Allow",
              "Resource": "*",
            },
          ],
          "Version": "2012-10-17",
        },
        "PolicyName": "FullRegionS3CodeCommitBackupFullRegionBackupProjectRoleDefaultPolicyB6125C22",
        "Roles": Array [
          Object {
            "Ref": "FullRegionS3CodeCommitBackupFullRegionBackupProjectRole28E3BAE1",
          },
        ],
      },
      "Type": "AWS::IAM::Policy",
    },
    "FullRegionS3CodeCommitBackupScheduleRuleD432F9DA": Object {
      "Properties": Object {
        "ScheduleExpression": "cron(0 4 * * ? *)",
        "State": "ENABLED",
        "Targets": Array [
          Object {
            "Arn": Object {
              "Fn::GetAtt": Array [
                "FullRegionS3CodeCommitBackupFullRegionBackupProjectA02FDE37",
                "Arn",
              ],
            },
            "Id": "Target0",
            "RoleArn": Object {
              "Fn::GetAtt": Array [
                "FullRegionS3CodeCommitBackupFullRegionBackupProjectEventsRole248E9A41",
                "Arn",
              ],
            },
          },
        ],
      },
      "Type": "AWS::Events::Rule",
    },
  },
}
`;

exports[`events 1`] = `
Object {
  "Resources": Object {
    "BackupBucket26B8E51C": Object {
      "DeletionPolicy": "Retain",
      "Properties": Object {
        "BucketEncryption": Object {
          "ServerSideEncryptionConfiguration": Array [
            Object {
              "ServerSideEncryptionByDefault": Object {
                "SSEAlgorithm": "AES256",
              },
            },
          ],
        },
        "LifecycleConfiguration": Object {
          "Rules": Array [
            Object {
              "ExpirationInDays": 35,
              "Status": "Enabled",
            },
          ],
        },
        "PublicAccessBlockConfiguration": Object {
          "BlockPublicAcls": true,
          "BlockPublicPolicy": true,
          "IgnorePublicAcls": true,
          "RestrictPublicBuckets": true,
        },
      },
      "Type": "AWS::S3::Bucket",
      "UpdateReplacePolicy": "Retain",
    },
    "FullRegionS3CodeCommitBackupFullRegionBackupProjectA02FDE37": Object {
      "Properties": Object {
        "Artifacts": Object {
          "Type": "NO_ARTIFACTS",
        },
        "Cache": Object {
          "Type": "NO_CACHE",
        },
        "EncryptionKey": "alias/aws/s3",
        "Environment": Object {
          "ComputeType": "BUILD_GENERAL1_SMALL",
          "EnvironmentVariables": Array [
            Object {
              "Name": "BACKUP_BUCKET",
              "Type": "PLAINTEXT",
              "Value": Object {
                "Ref": "BackupBucket26B8E51C",
              },
            },
            Object {
              "Name": "REPOSITORY_NAMES",
              "Type": "PLAINTEXT",
              "Value": "repo1 repo2",
            },
            Object {
              "Name": "SCRIPTS_BUCKET",
              "Type": "PLAINTEXT",
              "Value": Object {
                "Fn::Sub": "cdk-hnb659fds-assets-\${AWS::AccountId}-\${AWS::Region}",
              },
            },
            Object {
              "Name": "SCRIPTS_BUCKET_KEY",
              "Type": "PLAINTEXT",
              "Value": "8209330a3815e0fb5441fc78f1fe454679383fa66835f4d7db88fd86867a4c45.zip",
            },
          ],
          "Image": "aws/codebuild/standard:5.0",
          "ImagePullCredentialsType": "CODEBUILD",
          "PrivilegedMode": false,
          "Type": "LINUX_CONTAINER",
        },
        "ServiceRole": Object {
          "Fn::GetAtt": Array [
            "FullRegionS3CodeCommitBackupFullRegionBackupProjectRole28E3BAE1",
            "Arn",
          ],
        },
        "Source": Object {
          "BuildSpec": "{
  \\"version\\": \\"0.2\\",
  \\"env\\": {
    \\"git-credential-helper\\": \\"yes\\"
  },
  \\"phases\\": {
    \\"pre_build\\": {
      \\"commands\\": [
        \\"echo \\\\\\"Downloading scripts from s3://\${SCRIPTS_BUCKET}/\${SCRIPTS_BUCKET_KEY}\\\\\\"\\",
        \\"aws s3 cp s3://\${SCRIPTS_BUCKET}/\${SCRIPTS_BUCKET_KEY} ./\\",
        \\"unzip ./$(basename \${SCRIPTS_BUCKET_KEY})\\"
      ]
    },
    \\"build\\": {
      \\"commands\\": [
        \\"chmod +x backup_codecommit.sh\\",
        \\"./backup_codecommit.sh\\"
      ]
    }
  }
}",
          "Type": "NO_SOURCE",
        },
      },
      "Type": "AWS::CodeBuild::Project",
    },
    "FullRegionS3CodeCommitBackupFullRegionBackupProjectEventsRole248E9A41": Object {
      "Properties": Object {
        "AssumeRolePolicyDocument": Object {
          "Statement": Array [
            Object {
              "Action": "sts:AssumeRole",
              "Effect": "Allow",
              "Principal": Object {
                "Service": "events.amazonaws.com",
              },
            },
          ],
          "Version": "2012-10-17",
        },
      },
      "Type": "AWS::IAM::Role",
    },
    "FullRegionS3CodeCommitBackupFullRegionBackupProjectEventsRoleDefaultPolicy7A0674E8": Object {
      "Properties": Object {
        "PolicyDocument": Object {
          "Statement": Array [
            Object {
              "Action": "codebuild:StartBuild",
              "Effect": "Allow",
              "Resource": Object {
                "Fn::GetAtt": Array [
                  "FullRegionS3CodeCommitBackupFullRegionBackupProjectA02FDE37",
                  "Arn",
                ],
              },
            },
          ],
          "Version": "2012-10-17",
        },
        "PolicyName": "FullRegionS3CodeCommitBackupFullRegionBackupProjectEventsRoleDefaultPolicy7A0674E8",
        "Roles": Array [
          Object {
            "Ref": "FullRegionS3CodeCommitBackupFullRegionBackupProjectEventsRole248E9A41",
          },
        ],
      },
      "Type": "AWS::IAM::Policy",
    },
    "FullRegionS3CodeCommitBackupFullRegionBackupProjectRole28E3BAE1": Object {
      "Properties": Object {
        "AssumeRolePolicyDocument": Object {
          "Statement": Array [
            Object {
              "Action": "sts:AssumeRole",
              "Effect": "Allow",
              "Principal": Object {
                "Service": "codebuild.amazonaws.com",
              },
            },
          ],
          "Version": "2012-10-17",
        },
      },
      "Type": "AWS::IAM::Role",
    },
    "FullRegionS3CodeCommitBackupFullRegionBackupProjectRoleDefaultPolicyB6125C22": Object {
      "Properties": Object {
        "PolicyDocument": Object {
          "Statement": Array [
            Object {
              "Action": Array [
                "logs:CreateLogGroup",
                "logs:CreateLogStream",
                "logs:PutLogEvents",
              ],
              "Effect": "Allow",
              "Resource": Array [
                Object {
                  "Fn::Join": Array [
                    "",
                    Array [
                      "arn:",
                      Object {
                        "Ref": "AWS::Partition",
                      },
                      ":logs:",
                      Object {
                        "Ref": "AWS::Region",
                      },
                      ":",
                      Object {
                        "Ref": "AWS::AccountId",
                      },
                      ":log-group:/aws/codebuild/",
                      Object {
                        "Ref": "FullRegionS3CodeCommitBackupFullRegionBackupProjectA02FDE37",
                      },
                    ],
                  ],
                },
                Object {
                  "Fn::Join": Array [
                    "",
                    Array [
                      "arn:",
                      Object {
                        "Ref": "AWS::Partition",
                      },
                      ":logs:",
                      Object {
                        "Ref": "AWS::Region",
                      },
                      ":",
                      Object {
                        "Ref": "AWS::AccountId",
                      },
                      ":log-group:/aws/codebuild/",
                      Object {
                        "Ref": "FullRegionS3CodeCommitBackupFullRegionBackupProjectA02FDE37",
                      },
                      ":*",
                    ],
                  ],
                },
              ],
            },
            Object {
              "Action": Array [
                "codebuild:CreateReportGroup",
                "codebuild:CreateReport",
                "codebuild:UpdateReport",
                "codebuild:BatchPutTestCases",
                "codebuild:BatchPutCodeCoverages",
              ],
              "Effect": "Allow",
              "Resource": Object {
                "Fn::Join": Array [
                  "",
                  Array [
                    "arn:",
                    Object {
                      "Ref": "AWS::Partition",
                    },
                    ":codebuild:",
                    Object {
                      "Ref": "AWS::Region",
                    },
                    ":",
                    Object {
                      "Ref": "AWS::AccountId",
                    },
                    ":report-group/",
                    Object {
                      "Ref": "FullRegionS3CodeCommitBackupFullRegionBackupProjectA02FDE37",
                    },
                    "-*",
                  ],
                ],
              },
            },
            Object {
              "Action": Array [
                "s3:GetObject*",
                "s3:GetBucket*",
                "s3:List*",
              ],
              "Effect": "Allow",
              "Resource": Array [
                Object {
                  "Fn::Join": Array [
                    "",
                    Array [
                      "arn:",
                      Object {
                        "Ref": "AWS::Partition",
                      },
                      ":s3:::",
                      Object {
                        "Fn::Sub": "cdk-hnb659fds-assets-\${AWS::AccountId}-\${AWS::Region}",
                      },
                    ],
                  ],
                },
                Object {
                  "Fn::Join": Array [
                    "",
                    Array [
                      "arn:",
                      Object {
                        "Ref": "AWS::Partition",
                      },
                      ":s3:::",
                      Object {
                        "Fn::Sub": "cdk-hnb659fds-assets-\${AWS::AccountId}-\${AWS::Region}",
                      },
                      "/*",
                    ],
                  ],
                },
              ],
            },
            Object {
              "Action": Array [
                "s3:PutObject",
                "s3:PutObjectLegalHold",
                "s3:PutObjectRetention",
                "s3:PutObjectTagging",
                "s3:PutObjectVersionTagging",
                "s3:Abort*",
              ],
              "Effect": "Allow",
              "Resource": Object {
                "Fn::Join": Array [
                  "",
                  Array [
                    Object {
                      "Fn::GetAtt": Array [
                        "BackupBucket26B8E51C",
                        "Arn",
                      ],
                    },
                    "/*",
                  ],
                ],
              },
            },
            Object {
              "Action": Array [
                "codecommit:BatchGet*",
                "codecommit:Get*",
                "codecommit:Describe*",
                "codecommit:List*",
                "codecommit:GitPull",
              ],
              "Effect": "Allow",
              "Resource": "*",
            },
          ],
          "Version": "2012-10-17",
        },
        "PolicyName": "FullRegionS3CodeCommitBackupFullRegionBackupProjectRoleDefaultPolicyB6125C22",
        "Roles": Array [
          Object {
            "Ref": "FullRegionS3CodeCommitBackupFullRegionBackupProjectRole28E3BAE1",
          },
        ],
      },
      "Type": "AWS::IAM::Policy",
    },
    "FullRegionS3CodeCommitBackupFullRegionBackupProjectfailed78B0288C": Object {
      "Properties": Object {
        "EventPattern": Object {
          "detail": Object {
            "build-status": Array [
              "FAILED",
            ],
            "project-name": Array [
              Object {
                "Ref": "FullRegionS3CodeCommitBackupFullRegionBackupProjectA02FDE37",
              },
            ],
          },
          "detail-type": Array [
            "CodeBuild Build State Change",
          ],
          "source": Array [
            "aws.codebuild",
          ],
        },
        "State": "ENABLED",
        "Targets": Array [
          Object {
            "Arn": Object {
              "Ref": "TopicBFC7AF6E",
            },
            "Id": "Target0",
          },
        ],
      },
      "Type": "AWS::Events::Rule",
    },
    "FullRegionS3CodeCommitBackupFullRegionBackupProjectstarted75BF70F5": Object {
      "Properties": Object {
        "EventPattern": Object {
          "detail": Object {
            "build-status": Array [
              "IN_PROGRESS",
            ],
            "project-name": Array [
              Object {
                "Ref": "FullRegionS3CodeCommitBackupFullRegionBackupProjectA02FDE37",
              },
            ],
          },
          "detail-type": Array [
            "CodeBuild Build State Change",
          ],
          "source": Array [
            "aws.codebuild",
          ],
        },
        "State": "ENABLED",
        "Targets": Array [
          Object {
            "Arn": Object {
              "Ref": "TopicBFC7AF6E",
            },
            "Id": "Target0",
          },
        ],
      },
      "Type": "AWS::Events::Rule",
    },
    "FullRegionS3CodeCommitBackupFullRegionBackupProjectsucceeded95D1518D": Object {
      "Properties": Object {
        "EventPattern": Object {
          "detail": Object {
            "build-status": Array [
              "SUCCEEDED",
            ],
            "project-name": Array [
              Object {
                "Ref": "FullRegionS3CodeCommitBackupFullRegionBackupProjectA02FDE37",
              },
            ],
          },
          "detail-type": Array [
            "CodeBuild Build State Change",
          ],
          "source": Array [
            "aws.codebuild",
          ],
        },
        "State": "ENABLED",
        "Targets": Array [
          Object {
            "Arn": Object {
              "Ref": "TopicBFC7AF6E",
            },
            "Id": "Target0",
          },
        ],
      },
      "Type": "AWS::Events::Rule",
    },
    "FullRegionS3CodeCommitBackupScheduleRuleD432F9DA": Object {
      "Properties": Object {
        "ScheduleExpression": "cron(0 4 * * ? *)",
        "State": "ENABLED",
        "Targets": Array [
          Object {
            "Arn": Object {
              "Fn::GetAtt": Array [
                "FullRegionS3CodeCommitBackupFullRegionBackupProjectA02FDE37",
                "Arn",
              ],
            },
            "Id": "Target0",
            "RoleArn": Object {
              "Fn::GetAtt": Array [
                "FullRegionS3CodeCommitBackupFullRegionBackupProjectEventsRole248E9A41",
                "Arn",
              ],
            },
          },
        ],
      },
      "Type": "AWS::Events::Rule",
    },
    "TopicBFC7AF6E": Object {
      "Type": "AWS::SNS::Topic",
    },
    "TopicPolicyA1747468": Object {
      "Properties": Object {
        "PolicyDocument": Object {
          "Statement": Array [
            Object {
              "Action": "sns:Publish",
              "Effect": "Allow",
              "Principal": Object {
                "Service": "events.amazonaws.com",
              },
              "Resource": Object {
                "Ref": "TopicBFC7AF6E",
              },
              "Sid": "0",
            },
          ],
          "Version": "2012-10-17",
        },
        "Topics": Array [
          Object {
            "Ref": "TopicBFC7AF6E",
          },
        ],
      },
      "Type": "AWS::SNS::TopicPolicy",
    },
  },
}
`;

exports[`repositories 1`] = `
Object {
  "Resources": Object {
    "BackupBucket26B8E51C": Object {
      "DeletionPolicy": "Retain",
      "Properties": Object {
        "BucketEncryption": Object {
          "ServerSideEncryptionConfiguration": Array [
            Object {
              "ServerSideEncryptionByDefault": Object {
                "SSEAlgorithm": "AES256",
              },
            },
          ],
        },
        "LifecycleConfiguration": Object {
          "Rules": Array [
            Object {
              "ExpirationInDays": 35,
              "Status": "Enabled",
            },
          ],
        },
        "PublicAccessBlockConfiguration": Object {
          "BlockPublicAcls": true,
          "BlockPublicPolicy": true,
          "IgnorePublicAcls": true,
          "RestrictPublicBuckets": true,
        },
      },
      "Type": "AWS::S3::Bucket",
      "UpdateReplacePolicy": "Retain",
    },
    "FullRegionS3CodeCommitBackupFullRegionBackupProjectA02FDE37": Object {
      "Properties": Object {
        "Artifacts": Object {
          "Type": "NO_ARTIFACTS",
        },
        "Cache": Object {
          "Type": "NO_CACHE",
        },
        "EncryptionKey": "alias/aws/s3",
        "Environment": Object {
          "ComputeType": "BUILD_GENERAL1_SMALL",
          "EnvironmentVariables": Array [
            Object {
              "Name": "BACKUP_BUCKET",
              "Type": "PLAINTEXT",
              "Value": Object {
                "Ref": "BackupBucket26B8E51C",
              },
            },
            Object {
              "Name": "REPOSITORY_NAMES",
              "Type": "PLAINTEXT",
              "Value": "repo1 repo2",
            },
            Object {
              "Name": "SCRIPTS_BUCKET",
              "Type": "PLAINTEXT",
              "Value": Object {
                "Fn::Sub": "cdk-hnb659fds-assets-\${AWS::AccountId}-\${AWS::Region}",
              },
            },
            Object {
              "Name": "SCRIPTS_BUCKET_KEY",
              "Type": "PLAINTEXT",
              "Value": "8209330a3815e0fb5441fc78f1fe454679383fa66835f4d7db88fd86867a4c45.zip",
            },
          ],
          "Image": "aws/codebuild/standard:5.0",
          "ImagePullCredentialsType": "CODEBUILD",
          "PrivilegedMode": false,
          "Type": "LINUX_CONTAINER",
        },
        "ServiceRole": Object {
          "Fn::GetAtt": Array [
            "FullRegionS3CodeCommitBackupFullRegionBackupProjectRole28E3BAE1",
            "Arn",
          ],
        },
        "Source": Object {
          "BuildSpec": "{
  \\"version\\": \\"0.2\\",
  \\"env\\": {
    \\"git-credential-helper\\": \\"yes\\"
  },
  \\"phases\\": {
    \\"pre_build\\": {
      \\"commands\\": [
        \\"echo \\\\\\"Downloading scripts from s3://\${SCRIPTS_BUCKET}/\${SCRIPTS_BUCKET_KEY}\\\\\\"\\",
        \\"aws s3 cp s3://\${SCRIPTS_BUCKET}/\${SCRIPTS_BUCKET_KEY} ./\\",
        \\"unzip ./$(basename \${SCRIPTS_BUCKET_KEY})\\"
      ]
    },
    \\"build\\": {
      \\"commands\\": [
        \\"chmod +x backup_codecommit.sh\\",
        \\"./backup_codecommit.sh\\"
      ]
    }
  }
}",
          "Type": "NO_SOURCE",
        },
      },
      "Type": "AWS::CodeBuild::Project",
    },
    "FullRegionS3CodeCommitBackupFullRegionBackupProjectEventsRole248E9A41": Object {
      "Properties": Object {
        "AssumeRolePolicyDocument": Object {
          "Statement": Array [
            Object {
              "Action": "sts:AssumeRole",
              "Effect": "Allow",
              "Principal": Object {
                "Service": "events.amazonaws.com",
              },
            },
          ],
          "Version": "2012-10-17",
        },
      },
      "Type": "AWS::IAM::Role",
    },
    "FullRegionS3CodeCommitBackupFullRegionBackupProjectEventsRoleDefaultPolicy7A0674E8": Object {
      "Properties": Object {
        "PolicyDocument": Object {
          "Statement": Array [
            Object {
              "Action": "codebuild:StartBuild",
              "Effect": "Allow",
              "Resource": Object {
                "Fn::GetAtt": Array [
                  "FullRegionS3CodeCommitBackupFullRegionBackupProjectA02FDE37",
                  "Arn",
                ],
              },
            },
          ],
          "Version": "2012-10-17",
        },
        "PolicyName": "FullRegionS3CodeCommitBackupFullRegionBackupProjectEventsRoleDefaultPolicy7A0674E8",
        "Roles": Array [
          Object {
            "Ref": "FullRegionS3CodeCommitBackupFullRegionBackupProjectEventsRole248E9A41",
          },
        ],
      },
      "Type": "AWS::IAM::Policy",
    },
    "FullRegionS3CodeCommitBackupFullRegionBackupProjectRole28E3BAE1": Object {
      "Properties": Object {
        "AssumeRolePolicyDocument": Object {
          "Statement": Array [
            Object {
              "Action": "sts:AssumeRole",
              "Effect": "Allow",
              "Principal": Object {
                "Service": "codebuild.amazonaws.com",
              },
            },
          ],
          "Version": "2012-10-17",
        },
      },
      "Type": "AWS::IAM::Role",
    },
    "FullRegionS3CodeCommitBackupFullRegionBackupProjectRoleDefaultPolicyB6125C22": Object {
      "Properties": Object {
        "PolicyDocument": Object {
          "Statement": Array [
            Object {
              "Action": Array [
                "logs:CreateLogGroup",
                "logs:CreateLogStream",
                "logs:PutLogEvents",
              ],
              "Effect": "Allow",
              "Resource": Array [
                Object {
                  "Fn::Join": Array [
                    "",
                    Array [
                      "arn:",
                      Object {
                        "Ref": "AWS::Partition",
                      },
                      ":logs:",
                      Object {
                        "Ref": "AWS::Region",
                      },
                      ":",
                      Object {
                        "Ref": "AWS::AccountId",
                      },
                      ":log-group:/aws/codebuild/",
                      Object {
                        "Ref": "FullRegionS3CodeCommitBackupFullRegionBackupProjectA02FDE37",
                      },
                    ],
                  ],
                },
                Object {
                  "Fn::Join": Array [
                    "",
                    Array [
                      "arn:",
                      Object {
                        "Ref": "AWS::Partition",
                      },
                      ":logs:",
                      Object {
                        "Ref": "AWS::Region",
                      },
                      ":",
                      Object {
                        "Ref": "AWS::AccountId",
                      },
                      ":log-group:/aws/codebuild/",
                      Object {
                        "Ref": "FullRegionS3CodeCommitBackupFullRegionBackupProjectA02FDE37",
                      },
                      ":*",
                    ],
                  ],
                },
              ],
            },
            Object {
              "Action": Array [
                "codebuild:CreateReportGroup",
                "codebuild:CreateReport",
                "codebuild:UpdateReport",
                "codebuild:BatchPutTestCases",
                "codebuild:BatchPutCodeCoverages",
              ],
              "Effect": "Allow",
              "Resource": Object {
                "Fn::Join": Array [
                  "",
                  Array [
                    "arn:",
                    Object {
                      "Ref": "AWS::Partition",
                    },
                    ":codebuild:",
                    Object {
                      "Ref": "AWS::Region",
                    },
                    ":",
                    Object {
                      "Ref": "AWS::AccountId",
                    },
                    ":report-group/",
                    Object {
                      "Ref": "FullRegionS3CodeCommitBackupFullRegionBackupProjectA02FDE37",
                    },
                    "-*",
                  ],
                ],
              },
            },
            Object {
              "Action": Array [
                "s3:GetObject*",
                "s3:GetBucket*",
                "s3:List*",
              ],
              "Effect": "Allow",
              "Resource": Array [
                Object {
                  "Fn::Join": Array [
                    "",
                    Array [
                      "arn:",
                      Object {
                        "Ref": "AWS::Partition",
                      },
                      ":s3:::",
                      Object {
                        "Fn::Sub": "cdk-hnb659fds-assets-\${AWS::AccountId}-\${AWS::Region}",
                      },
                    ],
                  ],
                },
                Object {
                  "Fn::Join": Array [
                    "",
                    Array [
                      "arn:",
                      Object {
                        "Ref": "AWS::Partition",
                      },
                      ":s3:::",
                      Object {
                        "Fn::Sub": "cdk-hnb659fds-assets-\${AWS::AccountId}-\${AWS::Region}",
                      },
                      "/*",
                    ],
                  ],
                },
              ],
            },
            Object {
              "Action": Array [
                "s3:PutObject",
                "s3:PutObjectLegalHold",
                "s3:PutObjectRetention",
                "s3:PutObjectTagging",
                "s3:PutObjectVersionTagging",
                "s3:Abort*",
              ],
              "Effect": "Allow",
              "Resource": Object {
                "Fn::Join": Array [
                  "",
                  Array [
                    Object {
                      "Fn::GetAtt": Array [
                        "BackupBucket26B8E51C",
                        "Arn",
                      ],
                    },
                    "/*",
                  ],
                ],
              },
            },
            Object {
              "Action": Array [
                "codecommit:BatchGet*",
                "codecommit:Get*",
                "codecommit:Describe*",
                "codecommit:List*",
                "codecommit:GitPull",
              ],
              "Effect": "Allow",
              "Resource": "*",
            },
          ],
          "Version": "2012-10-17",
        },
        "PolicyName": "FullRegionS3CodeCommitBackupFullRegionBackupProjectRoleDefaultPolicyB6125C22",
        "Roles": Array [
          Object {
            "Ref": "FullRegionS3CodeCommitBackupFullRegionBackupProjectRole28E3BAE1",
          },
        ],
      },
      "Type": "AWS::IAM::Policy",
    },
    "FullRegionS3CodeCommitBackupScheduleRuleD432F9DA": Object {
      "Properties": Object {
        "ScheduleExpression": "cron(0 4 * * ? *)",
        "State": "ENABLED",
        "Targets": Array [
          Object {
            "Arn": Object {
              "Fn::GetAtt": Array [
                "FullRegionS3CodeCommitBackupFullRegionBackupProjectA02FDE37",
                "Arn",
              ],
            },
            "Id": "Target0",
            "RoleArn": Object {
              "Fn::GetAtt": Array [
                "FullRegionS3CodeCommitBackupFullRegionBackupProjectEventsRole248E9A41",
                "Arn",
              ],
            },
          },
        ],
      },
      "Type": "AWS::Events::Rule",
    },
  },
}
`;
