// Jest Snapshot v1, https://goo.gl/fbAQLP

exports[`default setup 1`] = `
Object {
  "Resources": Object {
    "BackupBucket26B8E51C": Object {
      "DeletionPolicy": "Retain",
      "Properties": Object {
        "BucketEncryption": Object {
          "ServerSideEncryptionConfiguration": Array [
            Object {
              "ServerSideEncryptionByDefault": Object {
                "SSEAlgorithm": "AES256",
              },
            },
          ],
        },
        "LifecycleConfiguration": Object {
          "Rules": Array [
            Object {
              "ExpirationInDays": 35,
              "Status": "Enabled",
            },
          ],
        },
        "PublicAccessBlockConfiguration": Object {
          "BlockPublicAcls": true,
          "BlockPublicPolicy": true,
          "IgnorePublicAcls": true,
          "RestrictPublicBuckets": true,
        },
      },
      "Type": "AWS::S3::Bucket",
      "UpdateReplacePolicy": "Retain",
    },
    "S3CodeCommitBackupBackupProjectC3E749BB": Object {
      "Properties": Object {
        "Artifacts": Object {
          "Type": "NO_ARTIFACTS",
        },
        "Cache": Object {
          "Type": "NO_CACHE",
        },
        "EncryptionKey": "alias/aws/s3",
        "Environment": Object {
          "ComputeType": "BUILD_GENERAL1_SMALL",
          "Image": "aws/codebuild/standard:5.0",
          "ImagePullCredentialsType": "CODEBUILD",
          "PrivilegedMode": false,
          "Type": "LINUX_CONTAINER",
        },
        "ServiceRole": Object {
          "Fn::GetAtt": Array [
            "S3CodeCommitBackupBackupProjectRoleD3A8AC78",
            "Arn",
          ],
        },
        "Source": Object {
          "BuildSpec": Object {
            "Fn::Join": Array [
              "",
              Array [
                "{
  \\"version\\": \\"0.2\\",
  \\"env\\": {
    \\"git-credential-helper\\": \\"yes\\"
  },
  \\"phases\\": {
    \\"pre_build\\": {
      \\"commands\\": [
        \\"echo \\\\\\"[===== Clone repository: repo1 =====]\\\\\\"\\",
        \\"git clone \\\\\\"https://git-codecommit.",
                Object {
                  "Ref": "AWS::Region",
                },
                ".",
                Object {
                  "Ref": "AWS::URLSuffix",
                },
                "/v1/repos/repo1\\\\\\"\\"
      ]
    },
    \\"build\\": {
      \\"commands\\": [
        \\"dt=$(date -u '+%Y_%m_%d_%H_%M')\\",
        \\"zipfile=\\\\\\"repo1_backup_\${dt}_UTC.tar.gz\\\\\\"\\",
        \\"echo \\\\\\"Compressing repository: repo1 into file: \${zipfile} and uploading to S3 bucket: ",
                Object {
                  "Ref": "BackupBucket26B8E51C",
                },
                "/repo1\\\\\\"\\",
        \\"tar -zcvf \\\\\\"\${zipfile}\\\\\\" \\\\\\"repo1/\\\\\\"\\",
        \\"aws s3 cp \\\\\\"\${zipfile}\\\\\\" \\\\\\"s3://",
                Object {
                  "Ref": "BackupBucket26B8E51C",
                },
                "/repo1/\${zipfile}\\\\\\"\\"
      ]
    }
  }
}",
              ],
            ],
          },
          "Type": "NO_SOURCE",
        },
      },
      "Type": "AWS::CodeBuild::Project",
    },
    "S3CodeCommitBackupBackupProjectEventsRoleB0ED5BDB": Object {
      "Properties": Object {
        "AssumeRolePolicyDocument": Object {
          "Statement": Array [
            Object {
              "Action": "sts:AssumeRole",
              "Effect": "Allow",
              "Principal": Object {
                "Service": "events.amazonaws.com",
              },
            },
          ],
          "Version": "2012-10-17",
        },
      },
      "Type": "AWS::IAM::Role",
    },
    "S3CodeCommitBackupBackupProjectEventsRoleDefaultPolicy62BEB058": Object {
      "Properties": Object {
        "PolicyDocument": Object {
          "Statement": Array [
            Object {
              "Action": "codebuild:StartBuild",
              "Effect": "Allow",
              "Resource": Object {
                "Fn::GetAtt": Array [
                  "S3CodeCommitBackupBackupProjectC3E749BB",
                  "Arn",
                ],
              },
            },
          ],
          "Version": "2012-10-17",
        },
        "PolicyName": "S3CodeCommitBackupBackupProjectEventsRoleDefaultPolicy62BEB058",
        "Roles": Array [
          Object {
            "Ref": "S3CodeCommitBackupBackupProjectEventsRoleB0ED5BDB",
          },
        ],
      },
      "Type": "AWS::IAM::Policy",
    },
    "S3CodeCommitBackupBackupProjectRoleD3A8AC78": Object {
      "Properties": Object {
        "AssumeRolePolicyDocument": Object {
          "Statement": Array [
            Object {
              "Action": "sts:AssumeRole",
              "Effect": "Allow",
              "Principal": Object {
                "Service": "codebuild.amazonaws.com",
              },
            },
          ],
          "Version": "2012-10-17",
        },
      },
      "Type": "AWS::IAM::Role",
    },
    "S3CodeCommitBackupBackupProjectRoleDefaultPolicyFDEDDCCE": Object {
      "Properties": Object {
        "PolicyDocument": Object {
          "Statement": Array [
            Object {
              "Action": Array [
                "logs:CreateLogGroup",
                "logs:CreateLogStream",
                "logs:PutLogEvents",
              ],
              "Effect": "Allow",
              "Resource": Array [
                Object {
                  "Fn::Join": Array [
                    "",
                    Array [
                      "arn:",
                      Object {
                        "Ref": "AWS::Partition",
                      },
                      ":logs:",
                      Object {
                        "Ref": "AWS::Region",
                      },
                      ":",
                      Object {
                        "Ref": "AWS::AccountId",
                      },
                      ":log-group:/aws/codebuild/",
                      Object {
                        "Ref": "S3CodeCommitBackupBackupProjectC3E749BB",
                      },
                    ],
                  ],
                },
                Object {
                  "Fn::Join": Array [
                    "",
                    Array [
                      "arn:",
                      Object {
                        "Ref": "AWS::Partition",
                      },
                      ":logs:",
                      Object {
                        "Ref": "AWS::Region",
                      },
                      ":",
                      Object {
                        "Ref": "AWS::AccountId",
                      },
                      ":log-group:/aws/codebuild/",
                      Object {
                        "Ref": "S3CodeCommitBackupBackupProjectC3E749BB",
                      },
                      ":*",
                    ],
                  ],
                },
              ],
            },
            Object {
              "Action": Array [
                "codebuild:CreateReportGroup",
                "codebuild:CreateReport",
                "codebuild:UpdateReport",
                "codebuild:BatchPutTestCases",
                "codebuild:BatchPutCodeCoverages",
              ],
              "Effect": "Allow",
              "Resource": Object {
                "Fn::Join": Array [
                  "",
                  Array [
                    "arn:",
                    Object {
                      "Ref": "AWS::Partition",
                    },
                    ":codebuild:",
                    Object {
                      "Ref": "AWS::Region",
                    },
                    ":",
                    Object {
                      "Ref": "AWS::AccountId",
                    },
                    ":report-group/",
                    Object {
                      "Ref": "S3CodeCommitBackupBackupProjectC3E749BB",
                    },
                    "-*",
                  ],
                ],
              },
            },
            Object {
              "Action": Array [
                "s3:PutObject",
                "s3:PutObjectLegalHold",
                "s3:PutObjectRetention",
                "s3:PutObjectTagging",
                "s3:PutObjectVersionTagging",
                "s3:Abort*",
              ],
              "Effect": "Allow",
              "Resource": Object {
                "Fn::Join": Array [
                  "",
                  Array [
                    Object {
                      "Fn::GetAtt": Array [
                        "BackupBucket26B8E51C",
                        "Arn",
                      ],
                    },
                    "/*",
                  ],
                ],
              },
            },
            Object {
              "Action": Array [
                "codecommit:BatchGet*",
                "codecommit:Get*",
                "codecommit:Describe*",
                "codecommit:List*",
                "codecommit:GitPull",
              ],
              "Effect": "Allow",
              "Resource": Object {
                "Fn::Join": Array [
                  "",
                  Array [
                    "arn:",
                    Object {
                      "Ref": "AWS::Partition",
                    },
                    ":codecommit:",
                    Object {
                      "Ref": "AWS::Region",
                    },
                    ":",
                    Object {
                      "Ref": "AWS::AccountId",
                    },
                    ":repo1",
                  ],
                ],
              },
            },
          ],
          "Version": "2012-10-17",
        },
        "PolicyName": "S3CodeCommitBackupBackupProjectRoleDefaultPolicyFDEDDCCE",
        "Roles": Array [
          Object {
            "Ref": "S3CodeCommitBackupBackupProjectRoleD3A8AC78",
          },
        ],
      },
      "Type": "AWS::IAM::Policy",
    },
    "S3CodeCommitBackupScheduleRule653D4FDB": Object {
      "Properties": Object {
        "ScheduleExpression": "cron(0 4 * * ? *)",
        "State": "ENABLED",
        "Targets": Array [
          Object {
            "Arn": Object {
              "Fn::GetAtt": Array [
                "S3CodeCommitBackupBackupProjectC3E749BB",
                "Arn",
              ],
            },
            "Id": "Target0",
            "RoleArn": Object {
              "Fn::GetAtt": Array [
                "S3CodeCommitBackupBackupProjectEventsRoleB0ED5BDB",
                "Arn",
              ],
            },
          },
        ],
      },
      "Type": "AWS::Events::Rule",
    },
  },
}
`;

exports[`events 1`] = `
Object {
  "Resources": Object {
    "BackupBucket26B8E51C": Object {
      "DeletionPolicy": "Retain",
      "Properties": Object {
        "BucketEncryption": Object {
          "ServerSideEncryptionConfiguration": Array [
            Object {
              "ServerSideEncryptionByDefault": Object {
                "SSEAlgorithm": "AES256",
              },
            },
          ],
        },
        "LifecycleConfiguration": Object {
          "Rules": Array [
            Object {
              "ExpirationInDays": 35,
              "Status": "Enabled",
            },
          ],
        },
        "PublicAccessBlockConfiguration": Object {
          "BlockPublicAcls": true,
          "BlockPublicPolicy": true,
          "IgnorePublicAcls": true,
          "RestrictPublicBuckets": true,
        },
      },
      "Type": "AWS::S3::Bucket",
      "UpdateReplacePolicy": "Retain",
    },
    "S3CodeCommitBackupBackupProjectC3E749BB": Object {
      "Properties": Object {
        "Artifacts": Object {
          "Type": "NO_ARTIFACTS",
        },
        "Cache": Object {
          "Type": "NO_CACHE",
        },
        "EncryptionKey": "alias/aws/s3",
        "Environment": Object {
          "ComputeType": "BUILD_GENERAL1_SMALL",
          "Image": "aws/codebuild/standard:5.0",
          "ImagePullCredentialsType": "CODEBUILD",
          "PrivilegedMode": false,
          "Type": "LINUX_CONTAINER",
        },
        "ServiceRole": Object {
          "Fn::GetAtt": Array [
            "S3CodeCommitBackupBackupProjectRoleD3A8AC78",
            "Arn",
          ],
        },
        "Source": Object {
          "BuildSpec": Object {
            "Fn::Join": Array [
              "",
              Array [
                "{
  \\"version\\": \\"0.2\\",
  \\"env\\": {
    \\"git-credential-helper\\": \\"yes\\"
  },
  \\"phases\\": {
    \\"pre_build\\": {
      \\"commands\\": [
        \\"echo \\\\\\"[===== Clone repository: repo1 =====]\\\\\\"\\",
        \\"git clone \\\\\\"https://git-codecommit.",
                Object {
                  "Ref": "AWS::Region",
                },
                ".",
                Object {
                  "Ref": "AWS::URLSuffix",
                },
                "/v1/repos/repo1\\\\\\"\\"
      ]
    },
    \\"build\\": {
      \\"commands\\": [
        \\"dt=$(date -u '+%Y_%m_%d_%H_%M')\\",
        \\"zipfile=\\\\\\"repo1_backup_\${dt}_UTC.tar.gz\\\\\\"\\",
        \\"echo \\\\\\"Compressing repository: repo1 into file: \${zipfile} and uploading to S3 bucket: ",
                Object {
                  "Ref": "BackupBucket26B8E51C",
                },
                "/repo1\\\\\\"\\",
        \\"tar -zcvf \\\\\\"\${zipfile}\\\\\\" \\\\\\"repo1/\\\\\\"\\",
        \\"aws s3 cp \\\\\\"\${zipfile}\\\\\\" \\\\\\"s3://",
                Object {
                  "Ref": "BackupBucket26B8E51C",
                },
                "/repo1/\${zipfile}\\\\\\"\\"
      ]
    }
  }
}",
              ],
            ],
          },
          "Type": "NO_SOURCE",
        },
      },
      "Type": "AWS::CodeBuild::Project",
    },
    "S3CodeCommitBackupBackupProjectEventsRoleB0ED5BDB": Object {
      "Properties": Object {
        "AssumeRolePolicyDocument": Object {
          "Statement": Array [
            Object {
              "Action": "sts:AssumeRole",
              "Effect": "Allow",
              "Principal": Object {
                "Service": "events.amazonaws.com",
              },
            },
          ],
          "Version": "2012-10-17",
        },
      },
      "Type": "AWS::IAM::Role",
    },
    "S3CodeCommitBackupBackupProjectEventsRoleDefaultPolicy62BEB058": Object {
      "Properties": Object {
        "PolicyDocument": Object {
          "Statement": Array [
            Object {
              "Action": "codebuild:StartBuild",
              "Effect": "Allow",
              "Resource": Object {
                "Fn::GetAtt": Array [
                  "S3CodeCommitBackupBackupProjectC3E749BB",
                  "Arn",
                ],
              },
            },
          ],
          "Version": "2012-10-17",
        },
        "PolicyName": "S3CodeCommitBackupBackupProjectEventsRoleDefaultPolicy62BEB058",
        "Roles": Array [
          Object {
            "Ref": "S3CodeCommitBackupBackupProjectEventsRoleB0ED5BDB",
          },
        ],
      },
      "Type": "AWS::IAM::Policy",
    },
    "S3CodeCommitBackupBackupProjectRoleD3A8AC78": Object {
      "Properties": Object {
        "AssumeRolePolicyDocument": Object {
          "Statement": Array [
            Object {
              "Action": "sts:AssumeRole",
              "Effect": "Allow",
              "Principal": Object {
                "Service": "codebuild.amazonaws.com",
              },
            },
          ],
          "Version": "2012-10-17",
        },
      },
      "Type": "AWS::IAM::Role",
    },
    "S3CodeCommitBackupBackupProjectRoleDefaultPolicyFDEDDCCE": Object {
      "Properties": Object {
        "PolicyDocument": Object {
          "Statement": Array [
            Object {
              "Action": Array [
                "logs:CreateLogGroup",
                "logs:CreateLogStream",
                "logs:PutLogEvents",
              ],
              "Effect": "Allow",
              "Resource": Array [
                Object {
                  "Fn::Join": Array [
                    "",
                    Array [
                      "arn:",
                      Object {
                        "Ref": "AWS::Partition",
                      },
                      ":logs:",
                      Object {
                        "Ref": "AWS::Region",
                      },
                      ":",
                      Object {
                        "Ref": "AWS::AccountId",
                      },
                      ":log-group:/aws/codebuild/",
                      Object {
                        "Ref": "S3CodeCommitBackupBackupProjectC3E749BB",
                      },
                    ],
                  ],
                },
                Object {
                  "Fn::Join": Array [
                    "",
                    Array [
                      "arn:",
                      Object {
                        "Ref": "AWS::Partition",
                      },
                      ":logs:",
                      Object {
                        "Ref": "AWS::Region",
                      },
                      ":",
                      Object {
                        "Ref": "AWS::AccountId",
                      },
                      ":log-group:/aws/codebuild/",
                      Object {
                        "Ref": "S3CodeCommitBackupBackupProjectC3E749BB",
                      },
                      ":*",
                    ],
                  ],
                },
              ],
            },
            Object {
              "Action": Array [
                "codebuild:CreateReportGroup",
                "codebuild:CreateReport",
                "codebuild:UpdateReport",
                "codebuild:BatchPutTestCases",
                "codebuild:BatchPutCodeCoverages",
              ],
              "Effect": "Allow",
              "Resource": Object {
                "Fn::Join": Array [
                  "",
                  Array [
                    "arn:",
                    Object {
                      "Ref": "AWS::Partition",
                    },
                    ":codebuild:",
                    Object {
                      "Ref": "AWS::Region",
                    },
                    ":",
                    Object {
                      "Ref": "AWS::AccountId",
                    },
                    ":report-group/",
                    Object {
                      "Ref": "S3CodeCommitBackupBackupProjectC3E749BB",
                    },
                    "-*",
                  ],
                ],
              },
            },
            Object {
              "Action": Array [
                "s3:PutObject",
                "s3:PutObjectLegalHold",
                "s3:PutObjectRetention",
                "s3:PutObjectTagging",
                "s3:PutObjectVersionTagging",
                "s3:Abort*",
              ],
              "Effect": "Allow",
              "Resource": Object {
                "Fn::Join": Array [
                  "",
                  Array [
                    Object {
                      "Fn::GetAtt": Array [
                        "BackupBucket26B8E51C",
                        "Arn",
                      ],
                    },
                    "/*",
                  ],
                ],
              },
            },
            Object {
              "Action": Array [
                "codecommit:BatchGet*",
                "codecommit:Get*",
                "codecommit:Describe*",
                "codecommit:List*",
                "codecommit:GitPull",
              ],
              "Effect": "Allow",
              "Resource": Object {
                "Fn::Join": Array [
                  "",
                  Array [
                    "arn:",
                    Object {
                      "Ref": "AWS::Partition",
                    },
                    ":codecommit:",
                    Object {
                      "Ref": "AWS::Region",
                    },
                    ":",
                    Object {
                      "Ref": "AWS::AccountId",
                    },
                    ":repo1",
                  ],
                ],
              },
            },
          ],
          "Version": "2012-10-17",
        },
        "PolicyName": "S3CodeCommitBackupBackupProjectRoleDefaultPolicyFDEDDCCE",
        "Roles": Array [
          Object {
            "Ref": "S3CodeCommitBackupBackupProjectRoleD3A8AC78",
          },
        ],
      },
      "Type": "AWS::IAM::Policy",
    },
    "S3CodeCommitBackupBackupProjectfailed80AC0893": Object {
      "Properties": Object {
        "EventPattern": Object {
          "detail": Object {
            "build-status": Array [
              "FAILED",
            ],
            "project-name": Array [
              Object {
                "Ref": "S3CodeCommitBackupBackupProjectC3E749BB",
              },
            ],
          },
          "detail-type": Array [
            "CodeBuild Build State Change",
          ],
          "source": Array [
            "aws.codebuild",
          ],
        },
        "State": "ENABLED",
        "Targets": Array [
          Object {
            "Arn": Object {
              "Ref": "TopicBFC7AF6E",
            },
            "Id": "Target0",
          },
        ],
      },
      "Type": "AWS::Events::Rule",
    },
    "S3CodeCommitBackupBackupProjectstarted44B1DD39": Object {
      "Properties": Object {
        "EventPattern": Object {
          "detail": Object {
            "build-status": Array [
              "IN_PROGRESS",
            ],
            "project-name": Array [
              Object {
                "Ref": "S3CodeCommitBackupBackupProjectC3E749BB",
              },
            ],
          },
          "detail-type": Array [
            "CodeBuild Build State Change",
          ],
          "source": Array [
            "aws.codebuild",
          ],
        },
        "State": "ENABLED",
        "Targets": Array [
          Object {
            "Arn": Object {
              "Ref": "TopicBFC7AF6E",
            },
            "Id": "Target0",
          },
        ],
      },
      "Type": "AWS::Events::Rule",
    },
    "S3CodeCommitBackupBackupProjectsucceededF6797C74": Object {
      "Properties": Object {
        "EventPattern": Object {
          "detail": Object {
            "build-status": Array [
              "SUCCEEDED",
            ],
            "project-name": Array [
              Object {
                "Ref": "S3CodeCommitBackupBackupProjectC3E749BB",
              },
            ],
          },
          "detail-type": Array [
            "CodeBuild Build State Change",
          ],
          "source": Array [
            "aws.codebuild",
          ],
        },
        "State": "ENABLED",
        "Targets": Array [
          Object {
            "Arn": Object {
              "Ref": "TopicBFC7AF6E",
            },
            "Id": "Target0",
          },
        ],
      },
      "Type": "AWS::Events::Rule",
    },
    "S3CodeCommitBackupScheduleRule653D4FDB": Object {
      "Properties": Object {
        "ScheduleExpression": "cron(0 4 * * ? *)",
        "State": "ENABLED",
        "Targets": Array [
          Object {
            "Arn": Object {
              "Fn::GetAtt": Array [
                "S3CodeCommitBackupBackupProjectC3E749BB",
                "Arn",
              ],
            },
            "Id": "Target0",
            "RoleArn": Object {
              "Fn::GetAtt": Array [
                "S3CodeCommitBackupBackupProjectEventsRoleB0ED5BDB",
                "Arn",
              ],
            },
          },
        ],
      },
      "Type": "AWS::Events::Rule",
    },
    "TopicBFC7AF6E": Object {
      "Type": "AWS::SNS::Topic",
    },
    "TopicPolicyA1747468": Object {
      "Properties": Object {
        "PolicyDocument": Object {
          "Statement": Array [
            Object {
              "Action": "sns:Publish",
              "Effect": "Allow",
              "Principal": Object {
                "Service": "events.amazonaws.com",
              },
              "Resource": Object {
                "Ref": "TopicBFC7AF6E",
              },
              "Sid": "0",
            },
          ],
          "Version": "2012-10-17",
        },
        "Topics": Array [
          Object {
            "Ref": "TopicBFC7AF6E",
          },
        ],
      },
      "Type": "AWS::SNS::TopicPolicy",
    },
  },
}
`;
