// Jest Snapshot v1, https://goo.gl/fbAQLP

exports[`default setup 1`] = `
Object {
  "Resources": Object {
    "DeletableBucket57D73C39": Object {
      "DeletionPolicy": "Retain",
      "Type": "AWS::S3::Bucket",
      "UpdateReplacePolicy": "Retain",
    },
  },
}
`;

exports[`forceDelete 1`] = `
Object {
  "Resources": Object {
    "DeletableBucket57D73C39": Object {
      "DeletionPolicy": "Delete",
      "Type": "AWS::S3::Bucket",
      "UpdateReplacePolicy": "Delete",
    },
    "DeletableBucketEmptyBucketCustomResource2332430B": Object {
      "DeletionPolicy": "Delete",
      "Properties": Object {
        "BucketName": Object {
          "Ref": "DeletableBucket57D73C39",
        },
        "ServiceToken": Object {
          "Fn::GetAtt": Array [
            "DeletableBucketEmptyBucketEmptyBucketProviderframeworkonEvent3E17DC13",
            "Arn",
          ],
        },
      },
      "Type": "Custom::EmptyBucket",
      "UpdateReplacePolicy": "Delete",
    },
    "DeletableBucketEmptyBucketEmptyBucketProviderframeworkonEvent3E17DC13": Object {
      "DependsOn": Array [
        "DeletableBucketEmptyBucketEmptyBucketProviderframeworkonEventServiceRoleDefaultPolicy12B3C80B",
        "DeletableBucketEmptyBucketEmptyBucketProviderframeworkonEventServiceRoleF9BBD633",
      ],
      "Properties": Object {
        "Code": Any<Object>,
        "Description": "AWS CDK resource provider framework - onEvent (Default/DeletableBucket/EmptyBucket/EmptyBucketProvider)",
        "Environment": Object {
          "Variables": Object {
            "USER_ON_EVENT_FUNCTION_ARN": Object {
              "Fn::GetAtt": Array [
                "SingletonLambdaCloudcomponentsEmptyBucketCustomResource09B44FFE",
                "Arn",
              ],
            },
          },
        },
        "Handler": "framework.onEvent",
        "Role": Object {
          "Fn::GetAtt": Array [
            "DeletableBucketEmptyBucketEmptyBucketProviderframeworkonEventServiceRoleF9BBD633",
            "Arn",
          ],
        },
        "Runtime": "nodejs18.x",
        "Timeout": 900,
      },
      "Type": "AWS::Lambda::Function",
    },
    "DeletableBucketEmptyBucketEmptyBucketProviderframeworkonEventServiceRoleDefaultPolicy12B3C80B": Object {
      "Properties": Object {
        "PolicyDocument": Object {
          "Statement": Array [
            Object {
              "Action": "lambda:InvokeFunction",
              "Effect": "Allow",
              "Resource": Array [
                Object {
                  "Fn::GetAtt": Array [
                    "SingletonLambdaCloudcomponentsEmptyBucketCustomResource09B44FFE",
                    "Arn",
                  ],
                },
                Object {
                  "Fn::Join": Array [
                    "",
                    Array [
                      Object {
                        "Fn::GetAtt": Array [
                          "SingletonLambdaCloudcomponentsEmptyBucketCustomResource09B44FFE",
                          "Arn",
                        ],
                      },
                      ":*",
                    ],
                  ],
                },
              ],
            },
          ],
          "Version": "2012-10-17",
        },
        "PolicyName": "DeletableBucketEmptyBucketEmptyBucketProviderframeworkonEventServiceRoleDefaultPolicy12B3C80B",
        "Roles": Array [
          Object {
            "Ref": "DeletableBucketEmptyBucketEmptyBucketProviderframeworkonEventServiceRoleF9BBD633",
          },
        ],
      },
      "Type": "AWS::IAM::Policy",
    },
    "DeletableBucketEmptyBucketEmptyBucketProviderframeworkonEventServiceRoleF9BBD633": Object {
      "Properties": Object {
        "AssumeRolePolicyDocument": Object {
          "Statement": Array [
            Object {
              "Action": "sts:AssumeRole",
              "Effect": "Allow",
              "Principal": Object {
                "Service": "lambda.amazonaws.com",
              },
            },
          ],
          "Version": "2012-10-17",
        },
        "ManagedPolicyArns": Array [
          Object {
            "Fn::Join": Array [
              "",
              Array [
                "arn:",
                Object {
                  "Ref": "AWS::Partition",
                },
                ":iam::aws:policy/service-role/AWSLambdaBasicExecutionRole",
              ],
            ],
          },
        ],
      },
      "Type": "AWS::IAM::Role",
    },
    "SingletonLambdaCloudcomponentsEmptyBucketCustomResource09B44FFE": Object {
      "DependsOn": Array [
        "SingletonLambdaCloudcomponentsEmptyBucketCustomResourceServiceRoleDefaultPolicyFA08A909",
        "SingletonLambdaCloudcomponentsEmptyBucketCustomResourceServiceRoleEE758E51",
      ],
      "Properties": Object {
        "Code": Any<Object>,
        "Handler": "index.handler",
        "Role": Object {
          "Fn::GetAtt": Array [
            "SingletonLambdaCloudcomponentsEmptyBucketCustomResourceServiceRoleEE758E51",
            "Arn",
          ],
        },
        "Runtime": "nodejs18.x",
        "Timeout": 900,
      },
      "Type": "AWS::Lambda::Function",
    },
    "SingletonLambdaCloudcomponentsEmptyBucketCustomResourceServiceRoleDefaultPolicyFA08A909": Object {
      "Properties": Object {
        "PolicyDocument": Object {
          "Statement": Array [
            Object {
              "Action": Array [
                "s3:GetObject*",
                "s3:GetBucket*",
                "s3:List*",
                "s3:DeleteObject*",
                "s3:PutObject",
                "s3:PutObjectLegalHold",
                "s3:PutObjectRetention",
                "s3:PutObjectTagging",
                "s3:PutObjectVersionTagging",
                "s3:Abort*",
              ],
              "Effect": "Allow",
              "Resource": Array [
                Object {
                  "Fn::GetAtt": Array [
                    "DeletableBucket57D73C39",
                    "Arn",
                  ],
                },
                Object {
                  "Fn::Join": Array [
                    "",
                    Array [
                      Object {
                        "Fn::GetAtt": Array [
                          "DeletableBucket57D73C39",
                          "Arn",
                        ],
                      },
                      "/*",
                    ],
                  ],
                },
              ],
            },
          ],
          "Version": "2012-10-17",
        },
        "PolicyName": "SingletonLambdaCloudcomponentsEmptyBucketCustomResourceServiceRoleDefaultPolicyFA08A909",
        "Roles": Array [
          Object {
            "Ref": "SingletonLambdaCloudcomponentsEmptyBucketCustomResourceServiceRoleEE758E51",
          },
        ],
      },
      "Type": "AWS::IAM::Policy",
    },
    "SingletonLambdaCloudcomponentsEmptyBucketCustomResourceServiceRoleEE758E51": Object {
      "Properties": Object {
        "AssumeRolePolicyDocument": Object {
          "Statement": Array [
            Object {
              "Action": "sts:AssumeRole",
              "Effect": "Allow",
              "Principal": Object {
                "Service": "lambda.amazonaws.com",
              },
            },
          ],
          "Version": "2012-10-17",
        },
        "ManagedPolicyArns": Array [
          Object {
            "Fn::Join": Array [
              "",
              Array [
                "arn:",
                Object {
                  "Ref": "AWS::Partition",
                },
                ":iam::aws:policy/service-role/AWSLambdaBasicExecutionRole",
              ],
            ],
          },
        ],
      },
      "Type": "AWS::IAM::Role",
    },
  },
}
`;
