// Jest Snapshot v1, https://goo.gl/fbAQLP

exports[`cdk-github-webhook snapshot 1`] = `
Object {
  "Resources": Object {
    "CustomGithubWebhook83CBF3EB7B6244F28C678441E4C1232EA4E17075": Object {
      "DependsOn": Array [
        "CustomGithubWebhook83CBF3EB7B6244F28C678441E4C1232EServiceRoleA1A794DD",
      ],
      "Properties": Object {
        "Code": Any<Object>,
        "Handler": "index.handler",
        "Role": Object {
          "Fn::GetAtt": Array [
            "CustomGithubWebhook83CBF3EB7B6244F28C678441E4C1232EServiceRoleA1A794DD",
            "Arn",
          ],
        },
        "Runtime": "nodejs16.x"",
        "Timeout": 900,
      },
      "Type": "AWS::Lambda::Function",
    },
    "CustomGithubWebhook83CBF3EB7B6244F28C678441E4C1232EServiceRoleA1A794DD": Object {
      "Properties": Object {
        "AssumeRolePolicyDocument": Object {
          "Statement": Array [
            Object {
              "Action": "sts:AssumeRole",
              "Effect": "Allow",
              "Principal": Object {
                "Service": "lambda.amazonaws.com",
              },
            },
          ],
          "Version": "2012-10-17",
        },
        "ManagedPolicyArns": Array [
          Object {
            "Fn::Join": Array [
              "",
              Array [
                "arn:",
                Object {
                  "Ref": "AWS::Partition",
                },
                ":iam::aws:policy/service-role/AWSLambdaBasicExecutionRole",
              ],
            ],
          },
        ],
      },
      "Type": "AWS::IAM::Role",
    },
    "GithubWebhookCustomResourceA8270ACA": Object {
      "DeletionPolicy": "Delete",
      "Properties": Object {
        "Events": Array [
          "test",
        ],
        "GithubApiTokenString": "{\\"secretKeyType\\":\\"PLAIN_TEXT\\",\\"value\\":\\"test12\\"}",
        "GithubRepoUrl": "test",
        "PayloadUrl": "test",
        "ServiceToken": Object {
          "Fn::GetAtt": Array [
            "CustomGithubWebhook83CBF3EB7B6244F28C678441E4C1232EA4E17075",
            "Arn",
          ],
        },
      },
      "Type": "Custom::GithubWebhook",
      "UpdateReplacePolicy": "Delete",
    },
  },
}
`;
